Product: MDK-ARM Professional 5.10
Component: ARM Compiler 5.04 update 1 (build 49)
Tool: armlink [5040049]

==============================================================================

Section Cross References

    main.o(i._mav_finalize_message_chan_send) refers to main.o(i.crc_accumulate) for crc_accumulate
    main.o(i._mav_finalize_message_chan_send) refers to main.o(i._mavlink_send_uart) for _mavlink_send_uart
    main.o(i._mav_finalize_message_chan_send) refers to main.o(.bss) for .bss
    main.o(i._mav_finalize_message_chan_send) refers to main.o(.data) for .data
    main.o(i._mavlink_send_uart) refers to main.o(i.comm_send_ch) for comm_send_ch
    main.o(i.can_task) refers to _printf_percent.o(.ARM.Collect$$_printf_percent$$00000000) for _printf_percent
    main.o(i.can_task) refers to _printf_f.o(.ARM.Collect$$_printf_percent$$00000003) for _printf_f
    main.o(i.can_task) refers to printf1.o(x$fpl$printf1) for _printf_fp_dec
    main.o(i.can_task) refers to tasks.o(i.vTaskDelay) for vTaskDelay
    main.o(i.can_task) refers to can.o(i.CAN1_Send_Msg) for CAN1_Send_Msg
    main.o(i.can_task) refers to queue.o(i.xQueueGenericReceive) for xQueueGenericReceive
    main.o(i.can_task) refers to f2d.o(x$fpl$f2d) for __aeabi_f2d
    main.o(i.can_task) refers to noretval__2printf.o(.text) for __2printf
    main.o(i.can_task) refers to main.o(.data) for .data
    main.o(i.comm_send_ch) refers to stm32f4xx_usart.o(i.USART_SendData) for USART_SendData
    main.o(i.comm_send_ch) refers to stm32f4xx_usart.o(i.USART_GetFlagStatus) for USART_GetFlagStatus
    main.o(i.led0_task) refers to tasks.o(i.vTaskDelay) for vTaskDelay
    main.o(i.main) refers to misc.o(i.NVIC_PriorityGroupConfig) for NVIC_PriorityGroupConfig
    main.o(i.main) refers to delay.o(i.delay_init) for delay_init
    main.o(i.main) refers to usart.o(i.uart_init) for uart_init
    main.o(i.main) refers to led.o(i.LED_Init) for LED_Init
    main.o(i.main) refers to lcd.o(i.LCD_Init) for LCD_Init
    main.o(i.main) refers to mpu6050.o(i.MPU_Init) for MPU_Init
    main.o(i.main) refers to inv_mpu.o(i.mpu_dmp_init) for mpu_dmp_init
    main.o(i.main) refers to can.o(i.CAN1_Mode_Init) for CAN1_Mode_Init
    main.o(i.main) refers to queue.o(i.xQueueGenericCreate) for xQueueGenericCreate
    main.o(i.main) refers to tasks.o(i.xTaskCreate) for xTaskCreate
    main.o(i.main) refers to tasks.o(i.vTaskStartScheduler) for vTaskStartScheduler
    main.o(i.main) refers to main.o(.data) for .data
    main.o(i.main) refers to main.o(i.start_task) for start_task
    main.o(i.mavlink_task) refers to main.o(i._mav_finalize_message_chan_send) for _mav_finalize_message_chan_send
    main.o(i.mavlink_task) refers to tasks.o(i.vTaskDelay) for vTaskDelay
    main.o(i.mavlink_task) refers to main.o(.constdata) for .constdata
    main.o(i.mpu_task) refers to mpu6050.o(i.MPU_Get_Temperature) for MPU_Get_Temperature
    main.o(i.mpu_task) refers to mpu6050.o(i.MPU_Get_Accelerometer) for MPU_Get_Accelerometer
    main.o(i.mpu_task) refers to mpu6050.o(i.MPU_Get_Gyroscope) for MPU_Get_Gyroscope
    main.o(i.mpu_task) refers to dcm.o(i.IMUupdate) for IMUupdate
    main.o(i.mpu_task) refers to queue.o(i.xQueueGenericSend) for xQueueGenericSend
    main.o(i.mpu_task) refers to tasks.o(i.vTaskDelay) for vTaskDelay
    main.o(i.mpu_task) refers to main.o(.data) for .data
    main.o(i.start_task) refers to port.o(i.vPortEnterCritical) for vPortEnterCritical
    main.o(i.start_task) refers to tasks.o(i.xTaskCreate) for xTaskCreate
    main.o(i.start_task) refers to tasks.o(i.vTaskDelete) for vTaskDelete
    main.o(i.start_task) refers to port.o(i.vPortExitCritical) for vPortExitCritical
    main.o(i.start_task) refers to main.o(.data) for .data
    main.o(i.start_task) refers to main.o(i.led0_task) for led0_task
    main.o(i.start_task) refers to main.o(i.mpu_task) for mpu_task
    main.o(i.start_task) refers to main.o(i.can_task) for can_task
    main.o(i.start_task) refers to main.o(i.mavlink_task) for mavlink_task
    system_stm32f4xx.o(i.SystemCoreClockUpdate) refers to system_stm32f4xx.o(.data) for .data
    system_stm32f4xx.o(i.SystemInit) refers to system_stm32f4xx.o(i.SetSysClock) for SetSysClock
    dcm.o(i.IMUupdate) refers to f2d.o(x$fpl$f2d) for __aeabi_f2d
    dcm.o(i.IMUupdate) refers to sqrt.o(i.__hardfp_sqrt) for __hardfp_sqrt
    dcm.o(i.IMUupdate) refers to d2f.o(x$fpl$d2f) for __aeabi_d2f
    dcm.o(i.IMUupdate) refers to asin.o(i.__hardfp_asin) for __hardfp_asin
    dcm.o(i.IMUupdate) refers to dmul.o(x$fpl$dmul) for __aeabi_dmul
    dcm.o(i.IMUupdate) refers to daddsub_clz.o(x$fpl$dsub) for __aeabi_dsub
    dcm.o(i.IMUupdate) refers to atan2.o(i.__hardfp_atan2) for __hardfp_atan2
    dcm.o(i.IMUupdate) refers to dcm.o(.data) for .data
    uart.o(i.mpu6050_send_data) refers to uart.o(i.usart1_niming_report) for usart1_niming_report
    uart.o(i.usart1_niming_report) refers to uart.o(i.usart1_send_char) for usart1_send_char
[...]
    __scatterload_rt2                        0x08000191   Thumb Code    44  __scatter.o(!!!scatter)
    __scatterload_rt2_thumb_only             0x08000191   Thumb Code     0  __scatter.o(!!!scatter)
    __scatterload_null                       0x0800019f   Thumb Code     0  __scatter.o(!!!scatter)
    __decompress                             0x080001c5   Thumb Code    90  __dczerorl2.o(!!dczerorl2)
    __decompress1                            0x080001c5   Thumb Code     0  __dczerorl2.o(!!dczerorl2)
    __scatterload_zeroinit                   0x08000221   Thumb Code    28  __scatter_zi.o(!!handler_zi)
    _printf_f                                0x0800023d   Thumb Code     0  _printf_f.o(.ARM.Collect$$_printf_percent$$00000003)
    _printf_percent                          0x0800023d   Thumb Code     0  _printf_percent.o(.ARM.Collect$$_printf_percent$$00000000)
    _printf_d                                0x08000243   Thumb Code     0  _printf_d.o(.ARM.Collect$$_printf_percent$$00000009)
    _printf_x                                0x08000249   Thumb Code     0  _printf_x.o(.ARM.Collect$$_printf_percent$$0000000C)
    _printf_s                                0x0800024f   Thumb Code     0  _printf_s.o(.ARM.Collect$$_printf_percent$$00000014)
    _printf_percent_end                      0x08000255   Thumb Code     0  _printf_percent_end.o(.ARM.Collect$$_printf_percent$$00000017)
    __rt_lib_init                            0x08000259   Thumb Code     0  libinit.o(.ARM.Collect$$libinit$$00000000)
    __rt_lib_init_fp_1                       0x0800025b   Thumb Code     0  libinit2.o(.ARM.Collect$$libinit$$00000001)
    __rt_lib_init_heap_1                     0x0800025f   Thumb Code     0  libinit2.o(.ARM.Collect$$libinit$$00000008)
    __rt_lib_init_lc_common                  0x0800025f   Thumb Code     0  libinit2.o(.ARM.Collect$$libinit$$0000000D)
    __rt_lib_init_rand_1                     0x0800025f   Thumb Code     0  libinit2.o(.ARM.Collect$$libinit$$0000000C)
    __rt_lib_init_user_alloc_1               0x0800025f   Thumb Code     0  libinit2.o(.ARM.Collect$$libinit$$0000000A)
    __rt_lib_init_lc_collate_1               0x08000265   Thumb Code     0  libinit2.o(.ARM.Collect$$libinit$$0000000F)
    __rt_lib_init_lc_ctype_1                 0x08000265   Thumb Code     0  libinit2.o(.ARM.Collect$$libinit$$00000011)
    __rt_lib_init_lc_monetary_1              0x08000265   Thumb Code     0  libinit2.o(.ARM.Collect$$libinit$$00000013)
    __rt_lib_init_lc_numeric_2               0x08000265   Thumb Code     0  libinit2.o(.ARM.Collect$$libinit$$00000014)
    __rt_lib_init_alloca_1                   0x0800026f   Thumb Code     0  libinit2.o(.ARM.Collect$$libinit$$0000002C)
    __rt_lib_init_argv_1                     0x0800026f   Thumb Code     0  libinit2.o(.ARM.Collect$$libinit$$0000002A)
    __rt_lib_init_atexit_1                   0x0800026f   Thumb Code     0  libinit2.o(.ARM.Collect$$libinit$$00000019)
    __rt_lib_init_clock_1                    0x0800026f   Thumb Code     0  libinit2.o(.ARM.Collect$$libinit$$0000001F)
    __rt_lib_init_cpp_1                      0x0800026f   Thumb Code     0  libinit2.o(.ARM.Collect$$libinit$$00000030)
    __rt_lib_init_exceptions_1               0x0800026f   Thumb Code     0  libinit2.o(.ARM.Collect$$libinit$$0000002E)
    __rt_lib_init_fp_trap_1                  0x0800026f   Thumb Code     0  libinit2.o(.ARM.Collect$$libinit$$0000001D)
    __rt_lib_init_getenv_1                   0x0800026f   Thumb Code     0  libinit2.o(.ARM.Collect$$libinit$$00000021)
    __rt_lib_init_lc_numeric_1               0x0800026f   Thumb Code     0  libinit2.o(.ARM.Collect$$libinit$$00000015)
    __rt_lib_init_lc_time_1                  0x0800026f   Thumb Code     0  libinit2.o(.ARM.Collect$$libinit$$00000017)
    __rt_lib_init_return                     0x0800026f   Thumb Code     0  libinit2.o(.ARM.Collect$$libinit$$00000031)
    __rt_lib_init_signal_1                   0x0800026f   Thumb Code     0  libinit2.o(.ARM.Collect$$libinit$$0000001B)
    __rt_lib_init_stdio_1                    0x0800026f   Thumb Code     0  libinit2.o(.ARM.Collect$$libinit$$00000023)
    __rt_lib_shutdown                        0x08000271   Thumb Code     0  libshutdown.o(.ARM.Collect$$libshutdown$$00000000)
    __rt_lib_shutdown_fp_trap_1              0x08000273   Thumb Code     0  libshutdown2.o(.ARM.Collect$$libshutdown$$00000006)
    __rt_lib_shutdown_heap_1                 0x08000273   Thumb Code     0  libshutdown2.o(.ARM.Collect$$libshutdown$$0000000E)
    __rt_lib_shutdown_return                 0x08000273   Thumb Code     0  libshutdown2.o(.ARM.Collect$$libshutdown$$0000000F)
    __rt_lib_shutdown_signal_1               0x08000273   Thumb Code     0  libshutdown2.o(.ARM.Collect$$libshutdown$$00000009)
    __rt_lib_shutdown_stdio_1                0x08000273   Thumb Code     0  libshutdown2.o(.ARM.Collect$$libshutdown$$00000003)
    __rt_lib_shutdown_user_alloc_1           0x08000273   Thumb Code     0  libshutdown2.o(.ARM.Collect$$libshutdown$$0000000B)
    __rt_entry                               0x08000275   Thumb Code     0  rtentry.o(.ARM.Collect$$rtentry$$00000000)
    __rt_entry_presh_1                       0x08000275   Thumb Code     0  rtentry2.o(.ARM.Collect$$rtentry$$00000002)
    __rt_entry_sh                            0x08000275   Thumb Code     0  rtentry4.o(.ARM.Collect$$rtentry$$00000004)
    __rt_entry_li                            0x0800027b   Thumb Code     0  rtentry2.o(.ARM.Collect$$rtentry$$0000000A)
    __rt_entry_postsh_1                      0x0800027b   Thumb Code     0  rtentry2.o(.ARM.Collect$$rtentry$$00000009)
    __rt_entry_main                          0x0800027f   Thumb Code     0  rtentry2.o(.ARM.Collect$$rtentry$$0000000D)
    __rt_entry_postli_1                      0x0800027f   Thumb Code     0  rtentry2.o(.ARM.Collect$$rtentry$$0000000C)
    __rt_exit                                0x08000287   Thumb Code     0  rtexit.o(.ARM.Collect$$rtexit$$00000000)
    __rt_exit_ls                             0x08000289   Thumb Code     0  rtexit2.o(.ARM.Collect$$rtexit$$00000003)
    __rt_exit_prels_1                        0x08000289   Thumb Code     0  rtexit2.o(.ARM.Collect$$rtexit$$00000002)
    __rt_exit_exit                           0x0800028d   Thumb Code     0  rtexit2.o(.ARM.Collect$$rtexit$$00000004)
    SVC_Handler                              0x08000295   Thumb Code    28  port.o(.emb_text)
    __asm___6_port_c_39a90d8d__prvStartFirstTask 0x080002b5   Thumb Code    28  port.o(.emb_text)
    __asm___6_port_c_39a90d8d__prvEnableVFP  0x080002d5   Thumb Code    16  port.o(.emb_text)
    PendSV_Handler                           0x080002e9   Thumb Code    88  port.o(.emb_text)
    vPortGetIPSR                             0x08000345   Thumb Code     6  port.o(.emb_text)
    Reset_Handler                            0x0800034d   Thumb Code     8  startup_stm32f40_41xxx.o(.text)
    ADC_IRQHandler                           0x08000367   Thumb Code     0  startup_stm32f40_41xxx.o(.text)
    CAN1_RX0_IRQHandler                      0x08000367   Thumb Code     0  startup_stm32f40_41xxx.o(.text)
    CAN1_RX1_IRQHandler                      0x08000367   Thumb Code     0  startup_stm32f40_41xxx.o(.text)
    CAN1_SCE_IRQHandler                      0x08000367   Thumb Code     0  startup_stm32f40_41xxx.o(.text)
    CAN1_TX_IRQHandler                       0x08000367   Thumb Code     0  startup_stm32f40_41xxx.o(.text)
    CAN2_RX0_IRQHandler                      0x08000367   Thumb Code     0  startup_stm32f40_41xxx.o(.text)
    CAN2_RX1_IRQHandler                      0x08000367   Thumb Code     0  startup_stm32f40_41xxx.o(.text)
    CAN2_SCE_IRQHandler                      0x08000367   Thumb Code     0  startup_stm32f40_41xxx.o(.text)
    CAN2_TX_IRQHandler                       0x08000367   Thumb Code     0  startup_stm32f40_41xxx.o(.text)
    CRYP_IRQHandler                          0x08000367   Thumb Code     0  startup_stm32f40_41xxx.o(.text)
    DCMI_IRQHandler                          0x08000367   Thumb Code     0  startup_stm32f40_41xxx.o(.text)
    DMA1_Stream0_IRQHandler                  0x08000367   Thumb Code     0  startup_stm32f40_41xxx.o(.text)
    DMA1_Stream1_IRQHandler                  0x08000367   Thumb Code     0  startup_stm32f40_41xxx.o(.text)
    DMA1_Stream2_IRQHandler                  0x08000367   Thumb Code     0  startup_stm32f40_41xxx.o(.text)
    DMA1_Stream3_IRQHandler                  0x08000367   Thumb Code     0  startup_stm32f40_41xxx.o(.text)
    DMA1_Stream4_IRQHandler                  0x08000367   Thumb Code     0  startup_stm32f40_41xxx.o(.text)
    DMA1_Stream5_IRQHandler                  0x08000367   Thumb Code     0  startup_stm32f40_41xxx.o(.text)
    DMA1_Stream6_IRQHandler                  0x08000367   Thumb Code     0  startup_stm32f40_41xxx.o(.text)
    DMA1_Stream7_IRQHandler                  0x08000367   Thumb Code     0  startup_stm32f40_41xxx.o(.text)
    DMA2_Stream0_IRQHandler                  0x08000367   Thumb Code     0  startup_stm32f40_41xxx.o(.text)
    DMA2_Stream1_IRQHandler                  0x08000367   Thumb Code     0  startup_stm32f40_41xxx.o(.text)
    DMA2_Stream2_IRQHandler                  0x08000367   Thumb Code     0  startup_stm32f40_41xxx.o(.text)
    DMA2_Stream3_IRQHandler                  0x08000367   Thumb Code     0  startup_stm32f40_41xxx.o(.text)
    DMA2_Stream4_IRQHandler                  0x08000367   Thumb Code     0  startup_stm32f40_41xxx.o(.text)
    DMA2_Stream5_IRQHandler                  0x08000367   Thumb Code     0  startup_stm32f40_41xxx.o(.text)
    DMA2_Stream6_IRQHandler                  0x08000367   Thumb Code     0  startup_stm32f40_41xxx.o(.text)
    DMA2_Stream7_IRQHandler                  0x08000367   Thumb Code     0  startup_stm32f40_41xxx.o(.text)
    ETH_IRQHandler                           0x08000367   Thumb Code     0  startup_stm32f40_41xxx.o(.text)
    ETH_WKUP_IRQHandler                      0x08000367   Thumb Code     0  startup_stm32f40_41xxx.o(.text)
    EXTI0_IRQHandler                         0x08000367   Thumb Code     0  startup_stm32f40_41xxx.o(.text)
    EXTI15_10_IRQHandler                     0x08000367   Thumb Code     0  startup_stm32f40_41xxx.o(.text)
    EXTI1_IRQHandler                         0x08000367   Thumb Code     0  startup_stm32f40_41xxx.o(.text)
    EXTI2_IRQHandler                         0x08000367   Thumb Code     0  startup_stm32f40_41xxx.o(.text)
    EXTI3_IRQHandler                         0x08000367   Thumb Code     0  startup_stm32f40_41xxx.o(.text)
    EXTI4_IRQHandler                         0x08000367   Thumb Code     0  startup_stm32f40_41xxx.o(.text)
    EXTI9_5_IRQHandler                       0x08000367   Thumb Code     0  startup_stm32f40_41xxx.o(.text)
    FLASH_IRQHandler                         0x08000367   Thumb Code     0  startup_stm32f40_41xxx.o(.text)
    FPU_IRQHandler                           0x08000367   Thumb Code     0  startup_stm32f40_41xxx.o(.text)
    FSMC_IRQHandler                          0x08000367   Thumb Code     0  startup_stm32f40_41xxx.o(.text)
    HASH_RNG_IRQHandler                      0x08000367   Thumb Code     0  startup_stm32f40_41xxx.o(.text)
    I2C1_ER_IRQHandler                       0x08000367   Thumb Code     0  startup_stm32f40_41xxx.o(.text)
    I2C1_EV_IRQHandler                       0x08000367   Thumb Code     0  startup_stm32f40_41xxx.o(.text)
    I2C2_ER_IRQHandler                       0x08000367   Thumb Code     0  startup_stm32f40_41xxx.o(.text)
    I2C2_EV_IRQHandler                       0x08000367   Thumb Code     0  startup_stm32f40_41xxx.o(.text)
    I2C3_ER_IRQHandler                       0x08000367   Thumb Code     0  startup_stm32f40_41xxx.o(.text)
    I2C3_EV_IRQHandler                       0x08000367   Thumb Code     0  startup_stm32f40_41xxx.o(.text)
    OTG_FS_IRQHandler                        0x08000367   Thumb Code     0  startup_stm32f40_41xxx.o(.text)
    OTG_FS_WKUP_IRQHandler                   0x08000367   Thumb Code     0  startup_stm32f40_41xxx.o(.text)
    OTG_HS_EP1_IN_IRQHandler                 0x08000367   Thumb Code     0  startup_stm32f40_41xxx.o(.text)
    OTG_HS_EP1_OUT_IRQHandler                0x08000367   Thumb Code     0  startup_stm32f40_41xxx.o(.text)
    OTG_HS_IRQHandler                        0x08000367   Thumb Code     0  startup_stm32f40_41xxx.o(.text)
    OTG_HS_WKUP_IRQHandler                   0x08000367   Thumb Code     0  startup_stm32f40_41xxx.o(.text)
    PVD_IRQHandler                           0x08000367   Thumb Code     0  startup_stm32f40_41xxx.o(.text)
    RCC_IRQHandler                           0x08000367   Thumb Code     0  startup_stm32f40_41xxx.o(.text)
    RTC_Alarm_IRQHandler                     0x08000367   Thumb Code     0  startup_stm32f40_41xxx.o(.text)
    RTC_WKUP_IRQHandler                      0x08000367   Thumb Code     0  startup_stm32f40_41xxx.o(.text)
    SDIO_IRQHandler                          0x08000367   Thumb Code     0  startup_stm32f40_41xxx.o(.text)
    SPI1_IRQHandler                          0x08000367   Thumb Code     0  startup_stm32f40_41xxx.o(.text)
    SPI2_IRQHandler                          0x08000367   Thumb Code     0  startup_stm32f40_41xxx.o(.text)
    SPI3_IRQHandler                          0x08000367   Thumb Code     0  startup_stm32f40_41xxx.o(.text)
    TAMP_STAMP_IRQHandler                    0x08000367   Thumb Code     0  startup_stm32f40_41xxx.o(.text)
    TIM1_BRK_TIM9_IRQHandler                 0x08000367   Thumb Code     0  startup_stm32f40_41xxx.o(.text)
    TIM1_CC_IRQHandler                       0x08000367   Thumb Code     0  startup_stm32f40_41xxx.o(.text)
    TIM1_TRG_COM_TIM11_IRQHandler            0x08000367   Thumb Code     0  startup_stm32f40_41xxx.o(.text)
    TIM1_UP_TIM10_IRQHandler                 0x08000367   Thumb Code     0  startup_stm32f40_41xxx.o(.text)
    TIM2_IRQHandler                          0x08000367   Thumb Code     0  startup_stm32f40_41xxx.o(.text)
    TIM3_IRQHandler                          0x08000367   Thumb Code     0  startup_stm32f40_41xxx.o(.text)
    TIM4_IRQHandler                          0x08000367   Thumb Code     0  startup_stm32f40_41xxx.o(.text)
    TIM5_IRQHandler                          0x08000367   Thumb Code     0  startup_stm32f40_41xxx.o(.text)
    TIM6_DAC_IRQHandler                      0x08000367   Thumb Code     0  startup_stm32f40_41xxx.o(.text)
    TIM7_IRQHandler                          0x08000367   Thumb Code     0  startup_stm32f40_41xxx.o(.text)
    TIM8_BRK_TIM12_IRQHandler                0x08000367   Thumb Code     0  startup_stm32f40_41xxx.o(.text)
    TIM8_CC_IRQHandler                       0x08000367   Thumb Code     0  startup_stm32f40_41xxx.o(.text)
    TIM8_TRG_COM_TIM14_IRQHandler            0x08000367   Thumb Code     0  startup_stm32f40_41xxx.o(.text)
    TIM8_UP_TIM13_IRQHandler                 0x08000367   Thumb Code     0  startup_stm32f40_41xxx.o(.text)
    UART4_IRQHandler                         0x08000367   Thumb Code     0  startup_stm32f40_41xxx.o(.text)
    UART5_IRQHandler                         0x08000367   Thumb Code     0  startup_stm32f40_41xxx.o(.text)
    USART2_IRQHandler                        0x08000367   Thumb Code     0  startup_stm32f40_41xxx.o(.text)
    USART3_IRQHandler                        0x08000367   Thumb Code     0  startup_stm32f40_41xxx.o(.text)
    USART6_IRQHandler                        0x08000367   Thumb Code     0  startup_stm32f40_41xxx.o(.text)
    WWDG_IRQHandler                          0x08000367   Thumb Code     0  startup_stm32f40_41xxx.o(.text)
    __user_initial_stackheap                 0x08000369   Thumb Code     0  startup_stm32f40_41xxx.o(.text)
    __use_no_semihosting                     0x0800038d   Thumb Code     2  use_no_semi_2.o(.text)
    __aeabi_ldivmod                          0x0800038f   Thumb Code     0  llsdiv.o(.text)
    _ll_sdiv                                 0x0800038f   Thumb Code    72  llsdiv.o(.text)
    __2printf                                0x080003d9   Thumb Code    20  noretval__2printf.o(.text)
    _printf_str                              0x080003f1   Thumb Code    82  _printf_str.o(.text)
    _printf_int_dec                          0x08000445   Thumb Code   100  _printf_dec.o(.text)
    _printf_int_hex                          0x080004b9   Thumb Code    84  _printf_hex_int.o(.text)
    _printf_longlong_hex                     0x080004b9   Thumb Code     0  _printf_hex_int.o(.text)
    __printf                                 0x08000511   Thumb Code   308  __printf_flags_wp.o(.text)
    memcmp                                   0x08000649   Thumb Code    88  memcmp.o(.text)
    __aeabi_memcpy                           0x080006a1   Thumb Code     0  rt_memcpy_v6.o(.text)
    __rt_memcpy                              0x080006a1   Thumb Code   138  rt_memcpy_v6.o(.text)
    _memcpy_lastbytes                        0x08000707   Thumb Code     0  rt_memcpy_v6.o(.text)
    __aeabi_memset                           0x0800072b   Thumb Code    16  aeabi_memset.o(.text)
    __use_two_region_memory                  0x0800073b   Thumb Code     2  heapauxi.o(.text)
    __rt_heap_escrow$2region                 0x0800073d   Thumb Code     2  heapauxi.o(.text)
    __rt_heap_expand$2region                 0x0800073f   Thumb Code     2  heapauxi.o(.text)
    __I$use$semihosting                      0x08000741   Thumb Code     0  use_no_semi.o(.text)
    __use_no_semihosting_swi                 0x08000741   Thumb Code     2  use_no_semi.o(.text)
    __aeabi_uldivmod                         0x08000743   Thumb Code     0  lludivv7m.o(.text)
    _ll_udiv                                 0x08000743   Thumb Code   238  lludivv7m.o(.text)
    __read_errno                             0x08000831   Thumb Code    10  _rserrno.o(.text)
    __set_errno                              0x0800083b   Thumb Code    12  _rserrno.o(.text)
    _printf_int_common                       0x08000847   Thumb Code   178  _printf_intcommon.o(.text)
    __lib_sel_fp_printf                      0x080008f9   Thumb Code     2  _printf_fp_dec.o(.text)
    _printf_fp_dec_real                      0x08000aa7   Thumb Code   616  _printf_fp_dec.o(.text)
    _printf_char_common                      0x08000d1b   Thumb Code    32  _printf_char_common.o(.text)
    _printf_cs_common                        0x08000d41   Thumb Code    20  _printf_char.o(.text)
    _printf_char                             0x08000d55   Thumb Code    16  _printf_char.o(.text)
    _printf_string                           0x08000d65   Thumb Code     8  _printf_char.o(.text)
    _printf_char_file                        0x08000d6d   Thumb Code    32  _printf_char_file.o(.text)
    __aeabi_memcpy4                          0x08000d91   Thumb Code     0  rt_memcpy_w.o(.text)
    __aeabi_memcpy8                          0x08000d91   Thumb Code     0  rt_memcpy_w.o(.text)
    __rt_memcpy_w                            0x08000d91   Thumb Code   100  rt_memcpy_w.o(.text)
    _memcpy_lastbytes_aligned                0x08000dd9   Thumb Code     0  rt_memcpy_w.o(.text)
    __aeabi_memclr                           0x08000df5   Thumb Code     0  rt_memclr.o(.text)
    __rt_memclr                              0x08000df5   Thumb Code    68  rt_memclr.o(.text)
    _memset                                  0x08000df9   Thumb Code     0  rt_memclr.o(.text)
    __rt_locale                              0x08000e39   Thumb Code     8  rt_locale_intlibspace.o(.text)
    __aeabi_errno_addr                       0x08000e41   Thumb Code     8  rt_errno_addr_intlibspace.o(.text)
    __errno$intlibspace                      0x08000e41   Thumb Code     0  rt_errno_addr_intlibspace.o(.text)
    __rt_errno_addr$intlibspace              0x08000e41   Thumb Code     0  rt_errno_addr_intlibspace.o(.text)
    _ll_udiv10                               0x08000e49   Thumb Code   138  lludiv10.o(.text)
    _printf_fp_infnan                        0x08000ed5   Thumb Code   112  _printf_fp_infnan.o(.text)
    _btod_etento                             0x08000f55   Thumb Code   212  bigflt0.o(.text)
    ferror                                   0x0800102d   Thumb Code     8  ferror.o(.text)
    __aeabi_memclr4                          0x08001035   Thumb Code     0  rt_memclr_w.o(.text)
    __aeabi_memclr8                          0x08001035   Thumb Code     0  rt_memclr_w.o(.text)
    __rt_memclr_w                            0x08001035   Thumb Code    78  rt_memclr_w.o(.text)
    _memset_w                                0x08001039   Thumb Code     0  rt_memclr_w.o(.text)
    __user_libspace                          0x08001085   Thumb Code     8  libspace.o(.text)
    __user_perproc_libspace                  0x08001085   Thumb Code     0  libspace.o(.text)
    __user_perthread_libspace                0x08001085   Thumb Code     0  libspace.o(.text)
    __user_setup_stackheap                   0x0800108d   Thumb Code    74  sys_stackheap_outer.o(.text)
    exit                                     0x080010d7   Thumb Code    12  exit.o(.text)
    strcmp                                   0x080010e5   Thumb Code   128  strcmpv7m.o(.text)
    _btod_d2e                                0x08001165   Thumb Code    62  btod.o(CL$$btod_d2e)
    _d2e_denorm_low                          0x080011a3   Thumb Code    70  btod.o(CL$$btod_d2e_denorm_low)
    _d2e_norm_op1                            0x080011e9   Thumb Code    96  btod.o(CL$$btod_d2e_norm_op1)
    __btod_div_common                        0x08001249   Thumb Code   696  btod.o(CL$$btod_div_common)
    _e2e                                     0x08001581   Thumb Code   198  btod.o(CL$$btod_e2e)
    _btod_ediv                               0x08001647   Thumb Code    40  btod.o(CL$$btod_ediv)
    _btod_emul                               0x0800166f   Thumb Code    40  btod.o(CL$$btod_emul)
    __btod_mult_common                       0x08001697   Thumb Code   580  btod.o(CL$$btod_mult_common)
    BusFault_Handler                         0x080018db   Thumb Code     2  stm32f4xx_it.o(i.BusFault_Handler)
    CAN1_Mode_Init                           0x080018dd   Thumb Code   202  can.o(i.CAN1_Mode_Init)
    CAN1_Send_Msg                            0x080019b1   Thumb Code    84  can.o(i.CAN1_Send_Msg)
    CAN_FilterInit                           0x08001a09   Thumb Code   194  stm32f4xx_can.o(i.CAN_FilterInit)
    CAN_Init                                 0x08001ad5   Thumb Code   232  stm32f4xx_can.o(i.CAN_Init)
    CAN_Transmit                             0x08001bbd   Thumb Code   164  stm32f4xx_can.o(i.CAN_Transmit)
    DebugMon_Handler                         0x08001c61   Thumb Code     2  stm32f4xx_it.o(i.DebugMon_Handler)
    FSMC_NORSRAMCmd                          0x08001c65   Thumb Code    26  stm32f4xx_fsmc.o(i.FSMC_NORSRAMCmd)
    FSMC_NORSRAMInit                         0x08001c85   Thumb Code   200  stm32f4xx_fsmc.o(i.FSMC_NORSRAMInit)
    GPIO_Init                                0x08001d4d   Thumb Code   120  stm32f4xx_gpio.o(i.GPIO_Init)
    GPIO_PinAFConfig                         0x08001dc5   Thumb Code    32  stm32f4xx_gpio.o(i.GPIO_PinAFConfig)
    GPIO_SetBits                             0x08001de5   Thumb Code     4  stm32f4xx_gpio.o(i.GPIO_SetBits)
    HardFault_Handler                        0x08001de9   Thumb Code     2  stm32f4xx_it.o(i.HardFault_Handler)
    IIC_Ack                                  0x08001ded   Thumb Code    56  myiic.o(i.IIC_Ack)
    IIC_Init                                 0x08001e2d   Thumb Code    58  myiic.o(i.IIC_Init)
    IIC_NAck                                 0x08001e71   Thumb Code    56  myiic.o(i.IIC_NAck)
    IIC_Read_Byte                            0x08001eb1   Thumb Code    96  myiic.o(i.IIC_Read_Byte)
    IIC_Send_Byte                            0x08001f19   Thumb Code    86  myiic.o(i.IIC_Send_Byte)
    IIC_Start                                0x08001f79   Thumb Code    56  myiic.o(i.IIC_Start)
    IIC_Stop                                 0x08001fb9   Thumb Code    58  myiic.o(i.IIC_Stop)
    IIC_Wait_Ack                             0x08001ffd   Thumb Code    74  myiic.o(i.IIC_Wait_Ack)
    IMUupdate                                0x08002051   Thumb Code   766  dcm.o(i.IMUupdate)
    LCD_Clear                                0x08002371   Thumb Code   104  lcd.o(i.LCD_Clear)
    LCD_Display_Dir                          0x080023dd   Thumb Code   304  lcd.o(i.LCD_Display_Dir)
    LCD_Init                                 0x08002511   Thumb Code 14094  lcd.o(i.LCD_Init)
    LCD_RD_DATA                              0x08005c1f   Thumb Code    20  lcd.o(i.LCD_RD_DATA)
    LCD_ReadReg                              0x08005c33   Thumb Code    20  lcd.o(i.LCD_ReadReg)
    LCD_SSD_BackLightSet                     0x08005c49   Thumb Code    72  lcd.o(i.LCD_SSD_BackLightSet)
    LCD_Scan_Dir                             0x08005c99   Thumb Code   510  lcd.o(i.LCD_Scan_Dir)
    LCD_SetCursor                            0x08005e9d   Thumb Code   332  lcd.o(i.LCD_SetCursor)
    LCD_WR_DATA                              0x08005fed   Thumb Code    24  lcd.o(i.LCD_WR_DATA)
    LCD_WR_REG                               0x08006005   Thumb Code    24  lcd.o(i.LCD_WR_REG)
    LCD_WriteRAM_Prepare                     0x0800601d   Thumb Code    14  lcd.o(i.LCD_WriteRAM_Prepare)
    LCD_WriteReg                             0x08006031   Thumb Code    12  lcd.o(i.LCD_WriteReg)
    LED_Init                                 0x0800603d   Thumb Code    58  led.o(i.LED_Init)
    MPU_Get_Accelerometer                    0x0800607d   Thumb Code    48  mpu6050.o(i.MPU_Get_Accelerometer)
    MPU_Get_Gyroscope                        0x080060ad   Thumb Code    48  mpu6050.o(i.MPU_Get_Gyroscope)
    MPU_Get_Temperature                      0x080060dd   Thumb Code    78  mpu6050.o(i.MPU_Get_Temperature)
    MPU_Init                                 0x08006141   Thumb Code   114  mpu6050.o(i.MPU_Init)
    MPU_Read_Byte                            0x080061b3   Thumb Code    58  mpu6050.o(i.MPU_Read_Byte)
    MPU_Read_Len                             0x080061ed   Thumb Code   106  mpu6050.o(i.MPU_Read_Len)
    MPU_Set_Accel_Fsr                        0x08006257   Thumb Code    10  mpu6050.o(i.MPU_Set_Accel_Fsr)
    MPU_Set_Gyro_Fsr                         0x08006261   Thumb Code    10  mpu6050.o(i.MPU_Set_Gyro_Fsr)
    MPU_Set_LPF                              0x0800626b   Thumb Code    48  mpu6050.o(i.MPU_Set_LPF)
    MPU_Set_Rate                             0x0800629b   Thumb Code    46  mpu6050.o(i.MPU_Set_Rate)
    MPU_Write_Byte                           0x080062c9   Thumb Code    60  mpu6050.o(i.MPU_Write_Byte)
    MPU_Write_Len                            0x08006305   Thumb Code    82  mpu6050.o(i.MPU_Write_Len)
    MemManage_Handler                        0x08006357   Thumb Code     2  stm32f4xx_it.o(i.MemManage_Handler)
    NMI_Handler                              0x08006359   Thumb Code     2  stm32f4xx_it.o(i.NMI_Handler)
    NVIC_Init                                0x0800635d   Thumb Code    96  misc.o(i.NVIC_Init)
    NVIC_PriorityGroupConfig                 0x080063c1   Thumb Code    10  misc.o(i.NVIC_PriorityGroupConfig)
    RCC_AHB1PeriphClockCmd                   0x080063d5   Thumb Code    18  stm32f4xx_rcc.o(i.RCC_AHB1PeriphClockCmd)
    RCC_AHB3PeriphClockCmd                   0x080063ed   Thumb Code    18  stm32f4xx_rcc.o(i.RCC_AHB3PeriphClockCmd)
    RCC_APB1PeriphClockCmd                   0x08006405   Thumb Code    18  stm32f4xx_rcc.o(i.RCC_APB1PeriphClockCmd)
    RCC_APB2PeriphClockCmd                   0x0800641d   Thumb Code    18  stm32f4xx_rcc.o(i.RCC_APB2PeriphClockCmd)
    RCC_GetClocksFreq                        0x08006435   Thumb Code   132  stm32f4xx_rcc.o(i.RCC_GetClocksFreq)
    SysTick_CLKSourceConfig                  0x08006579   Thumb Code    24  misc.o(i.SysTick_CLKSourceConfig)
    SysTick_Handler                          0x08006591   Thumb Code    20  delay.o(i.SysTick_Handler)
    SystemInit                               0x080065a5   Thumb Code    74  system_stm32f4xx.o(i.SystemInit)
    USART1_IRQHandler                        0x08006601   Thumb Code    88  usart.o(i.USART1_IRQHandler)
    USART_Cmd                                0x08006665   Thumb Code    20  stm32f4xx_usart.o(i.USART_Cmd)
    USART_GetFlagStatus                      0x08006679   Thumb Code    14  stm32f4xx_usart.o(i.USART_GetFlagStatus)
    USART_GetITStatus                        0x08006687   Thumb Code    62  stm32f4xx_usart.o(i.USART_GetITStatus)
    USART_ITConfig                           0x080066c5   Thumb Code    48  stm32f4xx_usart.o(i.USART_ITConfig)
    USART_Init                               0x080066f5   Thumb Code   164  stm32f4xx_usart.o(i.USART_Init)
    USART_ReceiveData                        0x080067a1   Thumb Code     8  stm32f4xx_usart.o(i.USART_ReceiveData)
    USART_SendData                           0x080067a9   Thumb Code     8  stm32f4xx_usart.o(i.USART_SendData)
    UsageFault_Handler                       0x080067b1   Thumb Code     2  stm32f4xx_it.o(i.UsageFault_Handler)
    __ARM_fpclassify                         0x080067b3   Thumb Code    48  fpclassify.o(i.__ARM_fpclassify)
    __hardfp_asin                            0x080067e9   Thumb Code   770  asin.o(i.__hardfp_asin)
    __hardfp_atan                            0x08006b59   Thumb Code   632  atan.o(i.__hardfp_atan)
    __hardfp_atan2                           0x08006e39   Thumb Code   426  atan2.o(i.__hardfp_atan2)
    __hardfp_sqrt                            0x08007029   Thumb Code   122  sqrt.o(i.__hardfp_sqrt)
    __kernel_poly                            0x080070a3   Thumb Code   248  poly.o(i.__kernel_poly)
    __mathlib_dbl_underflow                  0x080071a1   Thumb Code    24  dunder.o(i.__mathlib_dbl_underflow)
    _is_digit                                0x080071c1   Thumb Code    14  __printf_wp.o(i._is_digit)
    _sys_exit                                0x080072b7   Thumb Code     2  usart.o(i._sys_exit)
    atan                                     0x08007349   Thumb Code    16  atan.o(i.atan)
    can_task                                 0x08007359   Thumb Code   118  main.o(i.can_task)
    comm_send_ch                             0x080073e5   Thumb Code    24  main.o(i.comm_send_ch)
    delay_init                               0x08007421   Thumb Code    50  delay.o(i.delay_init)
    delay_ms                                 0x08007459   Thumb Code    52  delay.o(i.delay_ms)
    delay_us                                 0x08007491   Thumb Code    48  delay.o(i.delay_us)
    dmp_enable_6x_lp_quat                    0x080074c5   Thumb Code    58  inv_mpu_dmp_motion_driver.o(i.dmp_enable_6x_lp_quat)
    dmp_enable_feature                       0x08007501   Thumb Code   468  inv_mpu_dmp_motion_driver.o(i.dmp_enable_feature)
    dmp_enable_gyro_cal                      0x080076dd   Thumb Code    32  inv_mpu_dmp_motion_driver.o(i.dmp_enable_gyro_cal)
    dmp_enable_lp_quat                       0x08007715   Thumb Code    58  inv_mpu_dmp_motion_driver.o(i.dmp_enable_lp_quat)
    dmp_load_motion_driver_firmware          0x08007751   Thumb Code    16  inv_mpu_dmp_motion_driver.o(i.dmp_load_motion_driver_firmware)
    dmp_set_accel_bias                       0x08007765   Thumb Code   210  inv_mpu_dmp_motion_driver.o(i.dmp_set_accel_bias)
    dmp_set_fifo_rate                        0x0800783d   Thumb Code    82  inv_mpu_dmp_motion_driver.o(i.dmp_set_fifo_rate)
    dmp_set_gyro_bias                        0x080078a1   Thumb Code   196  inv_mpu_dmp_motion_driver.o(i.dmp_set_gyro_bias)
    dmp_set_orientation                      0x0800796d   Thumb Code   246  inv_mpu_dmp_motion_driver.o(i.dmp_set_orientation)
    dmp_set_shake_reject_thresh              0x08007a79   Thumb Code    48  inv_mpu_dmp_motion_driver.o(i.dmp_set_shake_reject_thresh)
    dmp_set_shake_reject_time                0x08007aa9   Thumb Code    32  inv_mpu_dmp_motion_driver.o(i.dmp_set_shake_reject_time)
    dmp_set_shake_reject_timeout             0x08007ac9   Thumb Code    32  inv_mpu_dmp_motion_driver.o(i.dmp_set_shake_reject_timeout)
    dmp_set_tap_axes                         0x08007ae9   Thumb Code    64  inv_mpu_dmp_motion_driver.o(i.dmp_set_tap_axes)
    dmp_set_tap_count                        0x08007b29   Thumb Code    34  inv_mpu_dmp_motion_driver.o(i.dmp_set_tap_count)
    dmp_set_tap_thresh                       0x08007b4d   Thumb Code   314  inv_mpu_dmp_motion_driver.o(i.dmp_set_tap_thresh)
    dmp_set_tap_time                         0x08007cad   Thumb Code    32  inv_mpu_dmp_motion_driver.o(i.dmp_set_tap_time)
    dmp_set_tap_time_multi                   0x08007ccd   Thumb Code    32  inv_mpu_dmp_motion_driver.o(i.dmp_set_tap_time_multi)
    fabs                                     0x08007ced   Thumb Code    24  fabs.o(i.fabs)
    fputc                                    0x08007d05   Thumb Code    14  usart.o(i.fputc)
    inv_orientation_matrix_to_scalar         0x080081b5   Thumb Code    34  inv_mpu.o(i.inv_orientation_matrix_to_scalar)
    inv_row_2_scale                          0x080081d7   Thumb Code    72  inv_mpu.o(i.inv_row_2_scale)
    led0_task                                0x08008221   Thumb Code    24  main.o(i.led0_task)
    main                                     0x0800823d   Thumb Code    96  main.o(i.main)
    mavlink_task                             0x080082b1   Thumb Code    82  main.o(i.mavlink_task)
    mpu_configure_fifo                       0x08008309   Thumb Code    84  inv_mpu.o(i.mpu_configure_fifo)
    mpu_dmp_init                             0x08008361   Thumb Code   160  inv_mpu.o(i.mpu_dmp_init)
    mpu_get_accel_fsr                        0x08008405   Thumb Code    54  inv_mpu.o(i.mpu_get_accel_fsr)
    mpu_get_accel_sens                       0x08008441   Thumb Code    62  inv_mpu.o(i.mpu_get_accel_sens)
    mpu_get_gyro_fsr                         0x08008485   Thumb Code    48  inv_mpu.o(i.mpu_get_gyro_fsr)
    mpu_get_gyro_sens                        0x080084b9   Thumb Code    54  inv_mpu.o(i.mpu_get_gyro_sens)
    mpu_get_lpf                              0x08008505   Thumb Code    52  inv_mpu.o(i.mpu_get_lpf)
    mpu_get_sample_rate                      0x0800853d   Thumb Code    22  inv_mpu.o(i.mpu_get_sample_rate)
    mpu_init                                 0x08008559   Thumb Code   310  inv_mpu.o(i.mpu_init)
    mpu_load_firmware                        0x080086e1   Thumb Code   158  inv_mpu.o(i.mpu_load_firmware)
    mpu_lp_accel_mode                        0x08008785   Thumb Code   178  inv_mpu.o(i.mpu_lp_accel_mode)
    mpu_read_mem                             0x0800883d   Thumb Code    80  inv_mpu.o(i.mpu_read_mem)
    mpu_reset_fifo                           0x08008891   Thumb Code   344  inv_mpu.o(i.mpu_reset_fifo)
    mpu_run_self_test                        0x080089ed   Thumb Code   234  inv_mpu.o(i.mpu_run_self_test)
    mpu_set_accel_fsr                        0x08008add   Thumb Code    98  inv_mpu.o(i.mpu_set_accel_fsr)
    mpu_set_bypass                           0x08008b45   Thumb Code   214  inv_mpu.o(i.mpu_set_bypass)
    mpu_set_dmp_state                        0x08008c21   Thumb Code   114  inv_mpu.o(i.mpu_set_dmp_state)
    mpu_set_gyro_fsr                         0x08008c99   Thumb Code   104  inv_mpu.o(i.mpu_set_gyro_fsr)
    mpu_set_int_latched                      0x08008d05   Thumb Code    94  inv_mpu.o(i.mpu_set_int_latched)
    mpu_set_lpf                              0x08008d69   Thumb Code   102  inv_mpu.o(i.mpu_set_lpf)
    mpu_set_sample_rate                      0x08008dd5   Thumb Code   116  inv_mpu.o(i.mpu_set_sample_rate)
    mpu_set_sensors                          0x08008e4d   Thumb Code   178  inv_mpu.o(i.mpu_set_sensors)
    mpu_task                                 0x08008f05   Thumb Code   120  main.o(i.mpu_task)
    mpu_write_mem                            0x08008f85   Thumb Code    80  inv_mpu.o(i.mpu_write_mem)
    pvPortMalloc                             0x0800983d   Thumb Code   214  heap_4.o(i.pvPortMalloc)
    pvTaskIncrementMutexHeldCount            0x08009951   Thumb Code    18  tasks.o(i.pvTaskIncrementMutexHeldCount)
    pxPortInitialiseStack                    0x08009969   Thumb Code    40  port.o(i.pxPortInitialiseStack)
    run_self_test                            0x08009995   Thumb Code   136  inv_mpu.o(i.run_self_test)
    sqrt                                     0x08009a71   Thumb Code   110  sqrt.o(i.sqrt)
    start_task                               0x08009ae1   Thumb Code   108  main.o(i.start_task)
    uart_init                                0x08009b95   Thumb Code   164  usart.o(i.uart_init)
    uxListRemove                             0x08009c41   Thumb Code    36  list.o(i.uxListRemove)
    vListInitialise                          0x08009c65   Thumb Code    22  list.o(i.vListInitialise)
    vListInitialiseItem                      0x08009c7b   Thumb Code     6  list.o(i.vListInitialiseItem)
    vListInsert                              0x08009c81   Thumb Code    48  list.o(i.vListInsert)
    vListInsertEnd                           0x08009cb1   Thumb Code    24  list.o(i.vListInsertEnd)
    vPortEnterCritical                       0x08009cc9   Thumb Code    50  port.o(i.vPortEnterCritical)
    vPortExitCritical                        0x08009d41   Thumb Code    34  port.o(i.vPortExitCritical)
    vPortFree                                0x08009da5   Thumb Code    94  heap_4.o(i.vPortFree)
    vPortSetupTimerInterrupt                 0x08009e41   Thumb Code    26  port.o(i.vPortSetupTimerInterrupt)
    vPortValidateInterruptPriority           0x08009e61   Thumb Code    70  port.o(i.vPortValidateInterruptPriority)
    vQueueAddToRegistry                      0x08009eed   Thumb Code    32  queue.o(i.vQueueAddToRegistry)
    vQueueWaitForMessageRestricted           0x08009f11   Thumb Code    68  queue.o(i.vQueueWaitForMessageRestricted)
    vTaskDelay                               0x08009f55   Thumb Code    62  tasks.o(i.vTaskDelay)
    vTaskDelete                              0x08009fc1   Thumb Code   152  tasks.o(i.vTaskDelete)
    vTaskMissedYield                         0x0800a08d   Thumb Code     8  tasks.o(i.vTaskMissedYield)
    vTaskPlaceOnEventList                    0x0800a099   Thumb Code    44  tasks.o(i.vTaskPlaceOnEventList)
    vTaskPlaceOnEventListRestricted          0x0800a0ed   Thumb Code    52  tasks.o(i.vTaskPlaceOnEventListRestricted)
    vTaskPriorityInherit                     0x0800a149   Thumb Code   124  tasks.o(i.vTaskPriorityInherit)
    vTaskSetTimeOutState                     0x0800a1cd   Thumb Code    30  tasks.o(i.vTaskSetTimeOutState)
    vTaskStartScheduler                      0x0800a215   Thumb Code    98  tasks.o(i.vTaskStartScheduler)
    vTaskSuspendAll                          0x0800a2ad   Thumb Code    10  tasks.o(i.vTaskSuspendAll)
    vTaskSwitchContext                       0x0800a2bd   Thumb Code    80  tasks.o(i.vTaskSwitchContext)
    xPortStartScheduler                      0x0800a339   Thumb Code   196  port.o(i.xPortStartScheduler)
    xPortSysTickHandler                      0x0800a44d   Thumb Code    38  port.o(i.xPortSysTickHandler)
    xQueueGenericCreate                      0x0800a479   Thumb Code    82  queue.o(i.xQueueGenericCreate)
    xQueueGenericReceive                     0x0800a4f1   Thumb Code   348  queue.o(i.xQueueGenericReceive)
    xQueueGenericReset                       0x0800a675   Thumb Code   128  queue.o(i.xQueueGenericReset)
    xQueueGenericSend                        0x0800a71d   Thumb Code   350  queue.o(i.xQueueGenericSend)
    xQueueGenericSendFromISR                 0x0800a8a5   Thumb Code   188  queue.o(i.xQueueGenericSendFromISR)
    xTaskCheckForTimeOut                     0x0800a985   Thumb Code    94  tasks.o(i.xTaskCheckForTimeOut)
    xTaskCreate                              0x0800aa0d   Thumb Code    86  tasks.o(i.xTaskCreate)
    xTaskGetSchedulerState                   0x0800aa65   Thumb Code    22  tasks.o(i.xTaskGetSchedulerState)
    xTaskGetTickCount                        0x0800aa81   Thumb Code     6  tasks.o(i.xTaskGetTickCount)
    xTaskIncrementTick                       0x0800aa8d   Thumb Code   188  tasks.o(i.xTaskIncrementTick)
    xTaskPriorityDisinherit                  0x0800ab75   Thumb Code   136  tasks.o(i.xTaskPriorityDisinherit)
    xTaskRemoveFromEventList                 0x0800ac29   Thumb Code   102  tasks.o(i.xTaskRemoveFromEventList)
    xTaskResumeAll                           0x0800acc1   Thumb Code   180  tasks.o(i.xTaskResumeAll)
    xTimerCreate                             0x0800ada5   Thumb Code    74  timers.o(i.xTimerCreate)
    xTimerCreateTimerTask                    0x0800ae19   Thumb Code    58  timers.o(i.xTimerCreateTimerTask)
    xTimerGenericCommand                     0x0800ae8d   Thumb Code    98  timers.o(i.xTimerGenericCommand)
    _get_lc_numeric                          0x0800af1d   Thumb Code    44  lc_numeric_c.o(locale$$code)
    __aeabi_dneg                             0x0800af49   Thumb Code     0  basic.o(x$fpl$basic)
    _dneg                                    0x0800af49   Thumb Code     6  basic.o(x$fpl$basic)
    __aeabi_fneg                             0x0800af4f   Thumb Code     0  basic.o(x$fpl$basic)
    _fneg                                    0x0800af4f   Thumb Code     6  basic.o(x$fpl$basic)
    _dabs                                    0x0800af55   Thumb Code     6  basic.o(x$fpl$basic)
    _fabs                                    0x0800af5b   Thumb Code     6  basic.o(x$fpl$basic)
    __aeabi_d2f                              0x0800af61   Thumb Code     0  d2f.o(x$fpl$d2f)
    _d2f                                     0x0800af61   Thumb Code    98  d2f.o(x$fpl$d2f)
    __aeabi_dadd                             0x0800afc5   Thumb Code     0  daddsub_clz.o(x$fpl$dadd)
    _dadd                                    0x0800afc5   Thumb Code   332  daddsub_clz.o(x$fpl$dadd)
    __aeabi_ddiv                             0x0800b115   Thumb Code     0  ddiv.o(x$fpl$ddiv)
    _ddiv                                    0x0800b115   Thumb Code   552  ddiv.o(x$fpl$ddiv)
    __aeabi_d2uiz                            0x0800b3c5   Thumb Code     0  dfixu.o(x$fpl$dfixu)
    _dfixu                                   0x0800b3c5   Thumb Code    90  dfixu.o(x$fpl$dfixu)
    __aeabi_i2d                              0x0800b41f   Thumb Code     0  dflt_clz.o(x$fpl$dflt)
    _dflt                                    0x0800b41f   Thumb Code    46  dflt_clz.o(x$fpl$dflt)
    __aeabi_ui2d                             0x0800b44d   Thumb Code     0  dflt_clz.o(x$fpl$dfltu)
    _dfltu                                   0x0800b44d   Thumb Code    38  dflt_clz.o(x$fpl$dfltu)
    __aeabi_dmul                             0x0800b475   Thumb Code     0  dmul.o(x$fpl$dmul)
    _dmul                                    0x0800b475   Thumb Code   332  dmul.o(x$fpl$dmul)
    __fpl_dnaninf                            0x0800b5c9   Thumb Code   156  dnaninf.o(x$fpl$dnaninf)
    __fpl_dretinf                            0x0800b665   Thumb Code    12  dretinf.o(x$fpl$dretinf)
    __aeabi_drsub                            0x0800b671   Thumb Code     0  daddsub_clz.o(x$fpl$drsb)
    _drsb                                    0x0800b671   Thumb Code    22  daddsub_clz.o(x$fpl$drsb)
    _dsqrt                                   0x0800b689   Thumb Code   404  dsqrt_umaal.o(x$fpl$dsqrt)
    __aeabi_dsub                             0x0800b821   Thumb Code     0  daddsub_clz.o(x$fpl$dsub)
    _dsub                                    0x0800b821   Thumb Code   464  daddsub_clz.o(x$fpl$dsub)
    __aeabi_f2d                              0x0800b9f5   Thumb Code     0  f2d.o(x$fpl$f2d)
    _f2d                                     0x0800b9f5   Thumb Code    86  f2d.o(x$fpl$f2d)
    __fpl_fnaninf                            0x0800ba4b   Thumb Code   140  fnaninf.o(x$fpl$fnaninf)
    _fp_init                                 0x0800bad7   Thumb Code    10  fpinit.o(x$fpl$fpinit)
    __fplib_config_fpu_vfp                   0x0800badf   Thumb Code     0  fpinit.o(x$fpl$fpinit)
    __fplib_config_pureend_doubles           0x0800badf   Thumb Code     0  fpinit.o(x$fpl$fpinit)
    __fpl_fretinf                            0x0800bae1   Thumb Code    10  fretinf.o(x$fpl$fretinf)
    _printf_fp_dec                           0x0800baeb   Thumb Code     4  printf1.o(x$fpl$printf1)
    __I$use$fp                               0x0800baee   Number         0  usenofp.o(x$fpl$usenofp)
    reg                                      0x0800bafc   Data          27  inv_mpu.o(.constdata)
    hw                                       0x0800bb18   Data          12  inv_mpu.o(.constdata)
    test                                     0x0800bb24   Data          40  inv_mpu.o(.constdata)
    __mathlib_zero                           0x0800c868   Data           8  qnan.o(.constdata)
    Region$$Table$$Base                      0x0800c954   Number         0  anon$$obj.o(Region$$Table)
    Region$$Table$$Limit                     0x0800c974   Number         0  anon$$obj.o(Region$$Table)
    mavlink_system                           0x20000000   Data           2  main.o(.data)
    aacx                                     0x20000002   Data           2  main.o(.data)
    aacy                                     0x20000004   Data           2  main.o(.data)
    aacz                                     0x20000006   Data           2  main.o(.data)
    gyrox                                    0x20000008   Data           2  main.o(.data)
    gyroy                                    0x2000000a   Data           2  main.o(.data)
    gyroz                                    0x2000000c   Data           2  main.o(.data)
    temp                                     0x2000000e   Data           2  main.o(.data)
    StartTask_Handler                        0x20000014   Data           4  main.o(.data)
    LED0Task_Handler                         0x20000018   Data           4  main.o(.data)
    MPU6050Task_Handler                      0x2000001c   Data           4  main.o(.data)
    CANTask_Handler                          0x20000020   Data           4  main.o(.data)
    MAVTask_Handler                          0x20000024   Data           4  main.o(.data)
    roll                                     0x20000028   Data           4  main.o(.data)
    pitch                                    0x2000002c   Data           4  main.o(.data)
    yaw                                      0x20000030   Data           4  main.o(.data)
    MsgQueue                                 0x20000034   Data           4  main.o(.data)
    SystemCoreClock                          0x20000038   Data           4  system_stm32f4xx.o(.data)
    AHBPrescTable                            0x2000003c   Data          16  system_stm32f4xx.o(.data)
    AngleOffset_Rol                          0x2000004c   Data           4  dcm.o(.data)
    AngleOffset_Pit                          0x20000050   Data           4  dcm.o(.data)
    q0                                       0x20000054   Data           4  dcm.o(.data)
    q1                                       0x20000058   Data           4  dcm.o(.data)
    q2                                       0x2000005c   Data           4  dcm.o(.data)
    q3                                       0x20000060   Data           4  dcm.o(.data)
    exInt                                    0x20000064   Data           4  dcm.o(.data)
    eyInt                                    0x20000068   Data           4  dcm.o(.data)
    ezInt                                    0x2000006c   Data           4  dcm.o(.data)
    USART_RX_STA                             0x200000aa   Data           2  usart.o(.data)
    __stdout                                 0x200000ac   Data           4  usart.o(.data)
    pxCurrentTCB                             0x200000c0   Data           4  tasks.o(.data)
    lcddev                                   0x20000174   Data          14  lcd.o(.bss)
    USART_RX_BUF                             0x20000182   Data         200  usart.o(.bss)
    xQueueRegistry                           0x2000024c   Data          64  queue.o(.bss)
    __libspace_start                         0x20005598   Data          96  libspace.o(.bss)
    __temporary_stack_top$libspace           0x200055f8   Data           0  libspace.o(.bss)



==============================================================================

Memory Map of the image

  Image Entry point : 0x08000189

  Load Region LR_IROM1 (Base: 0x08000000, Size: 0x0000cac4, Max: 0x00100000, ABSOLUTE, COMPRESSED[0x0000c9c8])

    Execution Region ER_IROM1 (Base: 0x08000000, Size: 0x0000c990, Max: 0x00100000, ABSOLUTE)

    Base Addr    Size         Type   Attr      Idx    E Section Name        Object

    0x08000000   0x00000188   Data   RO         1937    RESET               startup_stm32f40_41xxx.o
    0x08000188   0x00000008   Code   RO         4112  * !!!main             c_w.l(__main.o)
    0x08000190   0x00000034   Code   RO         4492    !!!scatter          c_w.l(__scatter.o)
    0x080001c4   0x0000005a   Code   RO         4490    !!dczerorl2         c_w.l(__dczerorl2.o)
    0x0800021e   0x00000002   PAD
    0x08000220   0x0000001c   Code   RO         4494    !!handler_zi        c_w.l(__scatter_zi.o)
    0x0800023c   0x00000000   Code   RO         4099    .ARM.Collect$$_printf_percent$$00000000  c_w.l(_printf_percent.o)
    0x0800023c   0x00000006   Code   RO         4098    .ARM.Collect$$_printf_percent$$00000003  c_w.l(_printf_f.o)
    0x08000242   0x00000006   Code   RO         4096    .ARM.Collect$$_printf_percent$$00000009  c_w.l(_printf_d.o)
    0x08000248   0x00000006   Code   RO         4095    .ARM.Collect$$_printf_percent$$0000000C  c_w.l(_printf_x.o)
    0x0800024e   0x00000006   Code   RO         4094    .ARM.Collect$$_printf_percent$$00000014  c_w.l(_printf_s.o)
    0x08000254   0x00000004   Code   RO         4223    .ARM.Collect$$_printf_percent$$00000017  c_w.l(_printf_percent_end.o)
    0x08000258   0x00000002   Code   RO         4366    .ARM.Collect$$libinit$$00000000  c_w.l(libinit.o)
    0x0800025a   0x00000004   Code   RO         4367    .ARM.Collect$$libinit$$00000001  c_w.l(libinit2.o)
    0x0800025e   0x00000000   Code   RO         4371    .ARM.Collect$$libinit$$00000008  c_w.l(libinit2.o)
    0x0800025e   0x00000000   Code   RO         4373    .ARM.Collect$$libinit$$0000000A  c_w.l(libinit2.o)
    0x0800025e   0x00000000   Code   RO         4375    .ARM.Collect$$libinit$$0000000C  c_w.l(libinit2.o)
    0x0800025e   0x00000006   Code   RO         4376    .ARM.Collect$$libinit$$0000000D  c_w.l(libinit2.o)
    0x08000264   0x00000000   Code   RO         4378    .ARM.Collect$$libinit$$0000000F  c_w.l(libinit2.o)
    0x08000264   0x00000000   Code   RO         4380    .ARM.Collect$$libinit$$00000011  c_w.l(libinit2.o)
    0x08000264   0x00000000   Code   RO         4382    .ARM.Collect$$libinit$$00000013  c_w.l(libinit2.o)
    0x08000264   0x0000000a   Code   RO         4383    .ARM.Collect$$libinit$$00000014  c_w.l(libinit2.o)
    0x0800026e   0x00000000   Code   RO         4384    .ARM.Collect$$libinit$$00000015  c_w.l(libinit2.o)
    0x0800026e   0x00000000   Code   RO         4386    .ARM.Collect$$libinit$$00000017  c_w.l(libinit2.o)
    0x0800026e   0x00000000   Code   RO         4388    .ARM.Collect$$libinit$$00000019  c_w.l(libinit2.o)
    0x0800026e   0x00000000   Code   RO         4390    .ARM.Collect$$libinit$$0000001B  c_w.l(libinit2.o)
    0x0800026e   0x00000000   Code   RO         4392    .ARM.Collect$$libinit$$0000001D  c_w.l(libinit2.o)
    0x0800026e   0x00000000   Code   RO         4394    .ARM.Collect$$libinit$$0000001F  c_w.l(libinit2.o)
    0x0800026e   0x00000000   Code   RO         4396    .ARM.Collect$$libinit$$00000021  c_w.l(libinit2.o)
    0x0800026e   0x00000000   Code   RO         4398    .ARM.Collect$$libinit$$00000023  c_w.l(libinit2.o)
    0x0800026e   0x00000000   Code   RO         4402    .ARM.Collect$$libinit$$0000002A  c_w.l(libinit2.o)
    0x0800026e   0x00000000   Code   RO         4404    .ARM.Collect$$libinit$$0000002C  c_w.l(libinit2.o)
    0x0800026e   0x00000000   Code   RO         4406    .ARM.Collect$$libinit$$0000002E  c_w.l(libinit2.o)
    0x0800026e   0x00000000   Code   RO         4408    .ARM.Collect$$libinit$$00000030  c_w.l(libinit2.o)
    0x0800026e   0x00000002   Code   RO         4409    .ARM.Collect$$libinit$$00000031  c_w.l(libinit2.o)
    0x08000270   0x00000002   Code   RO         4451    .ARM.Collect$$libshutdown$$00000000  c_w.l(libshutdown.o)
    0x08000272   0x00000000   Code   RO         4461    .ARM.Collect$$libshutdown$$00000003  c_w.l(libshutdown2.o)
    0x08000272   0x00000000   Code   RO         4464    .ARM.Collect$$libshutdown$$00000006  c_w.l(libshutdown2.o)
    0x08000272   0x00000000   Code   RO         4467    .ARM.Collect$$libshutdown$$00000009  c_w.l(libshutdown2.o)
    0x08000272   0x00000000   Code   RO         4469    .ARM.Collect$$libshutdown$$0000000B  c_w.l(libshutdown2.o)
    0x08000272   0x00000000   Code   RO         4472    .ARM.Collect$$libshutdown$$0000000E  c_w.l(libshutdown2.o)
    0x08000272   0x00000002   Code   RO         4473    .ARM.Collect$$libshutdown$$0000000F  c_w.l(libshutdown2.o)
    0x08000274   0x00000000   Code   RO         4206    .ARM.Collect$$rtentry$$00000000  c_w.l(rtentry.o)
    0x08000274   0x00000000   Code   RO         4278    .ARM.Collect$$rtentry$$00000002  c_w.l(rtentry2.o)
    0x08000274   0x00000006   Code   RO         4290    .ARM.Collect$$rtentry$$00000004  c_w.l(rtentry4.o)
    0x0800027a   0x00000000   Code   RO         4280    .ARM.Collect$$rtentry$$00000009  c_w.l(rtentry2.o)
    0x0800027a   0x00000004   Code   RO         4281    .ARM.Collect$$rtentry$$0000000A  c_w.l(rtentry2.o)
    0x0800027e   0x00000000   Code   RO         4283    .ARM.Collect$$rtentry$$0000000C  c_w.l(rtentry2.o)
    0x0800027e   0x00000008   Code   RO         4284    .ARM.Collect$$rtentry$$0000000D  c_w.l(rtentry2.o)
    0x08000286   0x00000002   Code   RO         4410    .ARM.Collect$$rtexit$$00000000  c_w.l(rtexit.o)
    0x08000288   0x00000000   Code   RO         4421    .ARM.Collect$$rtexit$$00000002  c_w.l(rtexit2.o)
    0x08000288   0x00000004   Code   RO         4422    .ARM.Collect$$rtexit$$00000003  c_w.l(rtexit2.o)
    0x0800028c   0x00000006   Code   RO         4423    .ARM.Collect$$rtexit$$00000004  c_w.l(rtexit2.o)
    0x08000292   0x00000002   PAD
    0x08000294   0x000000b6   Code   RO         3842    .emb_text           port.o
    0x0800034a   0x00000002   PAD
    0x0800034c   0x00000040   Code   RO         1938    .text               startup_stm32f40_41xxx.o
    0x0800038c   0x00000002   Code   RO         4032    .text               c_w.l(use_no_semi_2.o)
    0x0800038e   0x00000048   Code   RO         4034    .text               c_w.l(llsdiv.o)
    0x080003d6   0x00000002   PAD
    0x080003d8   0x00000018   Code   RO         4040    .text               c_w.l(noretval__2printf.o)
    0x080003f0   0x00000052   Code   RO         4048    .text               c_w.l(_printf_str.o)
    0x08000442   0x00000002   PAD
    0x08000444   0x00000074   Code   RO         4050    .text               c_w.l(_printf_dec.o)
    0x080004b8   0x00000058   Code   RO         4055    .text               c_w.l(_printf_hex_int.o)
    0x08000510   0x00000138   Code   RO         4085    .text               c_w.l(__printf_flags_wp.o)
    0x08000648   0x00000058   Code   RO         4100    .text               c_w.l(memcmp.o)
    0x080006a0   0x0000008a   Code   RO         4106    .text               c_w.l(rt_memcpy_v6.o)
    0x0800072a   0x00000010   Code   RO         4108    .text               c_w.l(aeabi_memset.o)
    0x0800073a   0x00000006   Code   RO         4110    .text               c_w.l(heapauxi.o)
    0x08000740   0x00000002   Code   RO         4204    .text               c_w.l(use_no_semi.o)
    0x08000742   0x000000ee   Code   RO         4207    .text               c_w.l(lludivv7m.o)
    0x08000830   0x00000016   Code   RO         4209    .text               c_w.l(_rserrno.o)
    0x08000846   0x000000b2   Code   RO         4211    .text               c_w.l(_printf_intcommon.o)
    0x080008f8   0x00000416   Code   RO         4213    .text               c_w.l(_printf_fp_dec.o)
    0x08000d0e   0x00000002   PAD
    0x08000d10   0x00000030   Code   RO         4215    .text               c_w.l(_printf_char_common.o)
    0x08000d40   0x0000002c   Code   RO         4219    .text               c_w.l(_printf_char.o)
    0x08000d6c   0x00000024   Code   RO         4221    .text               c_w.l(_printf_char_file.o)
    0x08000d90   0x00000064   Code   RO         4224    .text               c_w.l(rt_memcpy_w.o)
    0x08000df4   0x00000044   Code   RO         4226    .text               c_w.l(rt_memclr.o)
    0x08000e38   0x00000008   Code   RO         4299    .text               c_w.l(rt_locale_intlibspace.o)
    0x08000e40   0x00000008   Code   RO         4304    .text               c_w.l(rt_errno_addr_intlibspace.o)
    0x08000e48   0x0000008a   Code   RO         4306    .text               c_w.l(lludiv10.o)
    0x08000ed2   0x00000002   PAD
    0x08000ed4   0x00000080   Code   RO         4308    .text               c_w.l(_printf_fp_infnan.o)
    0x08000f54   0x000000d8   Code   RO         4312    .text               c_w.l(bigflt0.o)
    0x0800102c   0x00000008   Code   RO         4337    .text               c_w.l(ferror.o)
    0x08001034   0x0000004e   Code   RO         4344    .text               c_w.l(rt_memclr_w.o)
    0x08001082   0x00000002   PAD
    0x08001084   0x00000008   Code   RO         4350    .text               c_w.l(libspace.o)
    0x0800108c   0x0000004a   Code   RO         4353    .text               c_w.l(sys_stackheap_outer.o)
    0x080010d6   0x0000000c   Code   RO         4357    .text               c_w.l(exit.o)
    0x080010e2   0x00000002   PAD
    0x080010e4   0x00000080   Code   RO         4359    .text               c_w.l(strcmpv7m.o)
    0x08001164   0x0000003e   Code   RO         4315    CL$$btod_d2e        c_w.l(btod.o)
    0x080011a2   0x00000046   Code   RO         4317    CL$$btod_d2e_denorm_low  c_w.l(btod.o)
    0x080011e8   0x00000060   Code   RO         4316    CL$$btod_d2e_norm_op1  c_w.l(btod.o)
    0x08001248   0x00000338   Code   RO         4325    CL$$btod_div_common  c_w.l(btod.o)
    0x08001580   0x000000c6   Code   RO         4322    CL$$btod_e2e        c_w.l(btod.o)
    0x08001646   0x00000028   Code   RO         4319    CL$$btod_ediv       c_w.l(btod.o)
    0x0800166e   0x00000028   Code   RO         4318    CL$$btod_emul       c_w.l(btod.o)
    0x08001696   0x00000244   Code   RO         4324    CL$$btod_mult_common  c_w.l(btod.o)
    0x080018da   0x00000002   Code   RO          709    i.BusFault_Handler  stm32f4xx_it.o
    0x080018dc   0x000000d4   Code   RO         1507    i.CAN1_Mode_Init    can.o
    0x080019b0   0x00000058   Code   RO         1509    i.CAN1_Send_Msg     can.o
    0x08001a08   0x000000cc   Code   RO         2670    i.CAN_FilterInit    stm32f4xx_can.o
    0x08001ad4   0x000000e8   Code   RO         2677    i.CAN_Init          stm32f4xx_can.o
    0x08001bbc   0x000000a4   Code   RO         2685    i.CAN_Transmit      stm32f4xx_can.o
    0x08001c60   0x00000002   Code   RO          710    i.DebugMon_Handler  stm32f4xx_it.o
    0x08001c62   0x00000002   PAD
    0x08001c64   0x00000020   Code   RO         2838    i.FSMC_NORSRAMCmd   stm32f4xx_fsmc.o
    0x08001c84   0x000000c8   Code   RO         2840    i.FSMC_NORSRAMInit  stm32f4xx_fsmc.o
    0x08001d4c   0x00000078   Code   RO         1989    i.GPIO_Init         stm32f4xx_gpio.o
    0x08001dc4   0x00000020   Code   RO         1990    i.GPIO_PinAFConfig  stm32f4xx_gpio.o
    0x08001de4   0x00000004   Code   RO         1997    i.GPIO_SetBits      stm32f4xx_gpio.o
    0x08001de8   0x00000002   Code   RO          711    i.HardFault_Handler  stm32f4xx_it.o
    0x08001dea   0x00000002   PAD
    0x08001dec   0x00000040   Code   RO         1748    i.IIC_Ack           myiic.o
    0x08001e2c   0x00000044   Code   RO         1749    i.IIC_Init          myiic.o
    0x08001e70   0x00000040   Code   RO         1750    i.IIC_NAck          myiic.o
    0x08001eb0   0x00000068   Code   RO         1751    i.IIC_Read_Byte     myiic.o
    0x08001f18   0x00000060   Code   RO         1752    i.IIC_Send_Byte     myiic.o
    0x08001f78   0x00000040   Code   RO         1753    i.IIC_Start         myiic.o
    0x08001fb8   0x00000044   Code   RO         1754    i.IIC_Stop          myiic.o
    0x08001ffc   0x00000054   Code   RO         1755    i.IIC_Wait_Ack      myiic.o
    0x08002050   0x00000320   Code   RO          825    i.IMUupdate         dcm.o
    0x08002370   0x0000006c   Code   RO         1540    i.LCD_Clear         lcd.o
    0x080023dc   0x00000134   Code   RO         1544    i.LCD_Display_Dir   lcd.o
    0x08002510   0x0000370e   Code   RO         1551    i.LCD_Init          lcd.o
    0x08005c1e   0x00000014   Code   RO         1553    i.LCD_RD_DATA       lcd.o
    0x08005c32   0x00000014   Code   RO         1555    i.LCD_ReadReg       lcd.o
    0x08005c46   0x00000002   PAD
    0x08005c48   0x00000050   Code   RO         1556    i.LCD_SSD_BackLightSet  lcd.o
    0x08005c98   0x00000204   Code   RO         1557    i.LCD_Scan_Dir      lcd.o
    0x08005e9c   0x00000150   Code   RO         1558    i.LCD_SetCursor     lcd.o
    0x08005fec   0x00000018   Code   RO         1564    i.LCD_WR_DATA       lcd.o
    0x08006004   0x00000018   Code   RO         1565    i.LCD_WR_REG        lcd.o
    0x0800601c   0x00000014   Code   RO         1567    i.LCD_WriteRAM_Prepare  lcd.o
    0x08006030   0x0000000c   Code   RO         1568    i.LCD_WriteReg      lcd.o
    0x0800603c   0x00000040   Code   RO          886    i.LED_Init          led.o
    0x0800607c   0x00000030   Code   RO          906    i.MPU_Get_Accelerometer  mpu6050.o
    0x080060ac   0x00000030   Code   RO          907    i.MPU_Get_Gyroscope  mpu6050.o
    0x080060dc   0x00000064   Code   RO          908    i.MPU_Get_Temperature  mpu6050.o
    0x08006140   0x00000072   Code   RO          909    i.MPU_Init          mpu6050.o
    0x080061b2   0x0000003a   Code   RO          910    i.MPU_Read_Byte     mpu6050.o
    0x080061ec   0x0000006a   Code   RO          911    i.MPU_Read_Len      mpu6050.o
    0x08006256   0x0000000a   Code   RO          912    i.MPU_Set_Accel_Fsr  mpu6050.o
    0x08006260   0x0000000a   Code   RO          913    i.MPU_Set_Gyro_Fsr  mpu6050.o
    0x0800626a   0x00000030   Code   RO          914    i.MPU_Set_LPF       mpu6050.o
    0x0800629a   0x0000002e   Code   RO          915    i.MPU_Set_Rate      mpu6050.o
    0x080062c8   0x0000003c   Code   RO          916    i.MPU_Write_Byte    mpu6050.o
    0x08006304   0x00000052   Code   RO          917    i.MPU_Write_Len     mpu6050.o
    0x08006356   0x00000002   Code   RO          712    i.MemManage_Handler  stm32f4xx_it.o
    0x08006358   0x00000002   Code   RO          713    i.NMI_Handler       stm32f4xx_it.o
    0x0800635a   0x00000002   PAD
    0x0800635c   0x00000064   Code   RO         1944    i.NVIC_Init         misc.o
    0x080063c0   0x00000014   Code   RO         1945    i.NVIC_PriorityGroupConfig  misc.o
    0x080063d4   0x00000018   Code   RO         2086    i.RCC_AHB1PeriphClockCmd  stm32f4xx_rcc.o
    0x080063ec   0x00000018   Code   RO         2092    i.RCC_AHB3PeriphClockCmd  stm32f4xx_rcc.o
    0x08006404   0x00000018   Code   RO         2095    i.RCC_APB1PeriphClockCmd  stm32f4xx_rcc.o
    0x0800641c   0x00000018   Code   RO         2098    i.RCC_APB2PeriphClockCmd  stm32f4xx_rcc.o
    0x08006434   0x00000090   Code   RO         2107    i.RCC_GetClocksFreq  stm32f4xx_rcc.o
    0x080064c4   0x000000b4   Code   RO          788    i.SetSysClock       system_stm32f4xx.o
    0x08006578   0x00000018   Code   RO         1948    i.SysTick_CLKSourceConfig  misc.o
    0x08006590   0x00000014   Code   RO         1810    i.SysTick_Handler   delay.o
    0x080065a4   0x0000005c   Code   RO          790    i.SystemInit        system_stm32f4xx.o
    0x08006600   0x00000064   Code   RO         1884    i.USART1_IRQHandler  usart.o
    0x08006664   0x00000014   Code   RO         2480    i.USART_Cmd         stm32f4xx_usart.o
    0x08006678   0x0000000e   Code   RO         2483    i.USART_GetFlagStatus  stm32f4xx_usart.o
    0x08006686   0x0000003e   Code   RO         2484    i.USART_GetITStatus  stm32f4xx_usart.o
    0x080066c4   0x00000030   Code   RO         2486    i.USART_ITConfig    stm32f4xx_usart.o
    0x080066f4   0x000000ac   Code   RO         2487    i.USART_Init        stm32f4xx_usart.o
    0x080067a0   0x00000008   Code   RO         2494    i.USART_ReceiveData  stm32f4xx_usart.o
    0x080067a8   0x00000008   Code   RO         2497    i.USART_SendData    stm32f4xx_usart.o
    0x080067b0   0x00000002   Code   RO          714    i.UsageFault_Handler  stm32f4xx_it.o
    0x080067b2   0x00000030   Code   RO         4265    i.__ARM_fpclassify  m_wm.l(fpclassify.o)
    0x080067e2   0x00000006   PAD
    0x080067e8   0x00000370   Code   RO         4142    i.__hardfp_asin     m_wm.l(asin.o)
    0x08006b58   0x000002e0   Code   RO         4243    i.__hardfp_atan     m_wm.l(atan.o)
    0x08006e38   0x000001f0   Code   RO         4156    i.__hardfp_atan2    m_wm.l(atan2.o)
    0x08007028   0x0000007a   Code   RO         4180    i.__hardfp_sqrt     m_wm.l(sqrt.o)
    0x080070a2   0x000000f8   Code   RO         4271    i.__kernel_poly     m_wm.l(poly.o)
    0x0800719a   0x00000006   PAD
    0x080071a0   0x00000020   Code   RO         4257    i.__mathlib_dbl_underflow  m_wm.l(dunder.o)
    0x080071c0   0x0000000e   Code   RO         4083    i._is_digit         c_w.l(__printf_wp.o)
    0x080071ce   0x00000002   PAD
    0x080071d0   0x000000c4   Code   RO            3    i._mav_finalize_message_chan_send  main.o
    0x08007294   0x00000022   Code   RO            4    i._mavlink_send_uart  main.o
    0x080072b6   0x00000002   Code   RO         1885    i._sys_exit         usart.o
    0x080072b8   0x00000090   Code   RO          991    i.accel_self_test   inv_mpu.o
    0x08007348   0x00000010   Code   RO         4245    i.atan              m_wm.l(atan.o)
    0x08007358   0x0000008c   Code   RO            5    i.can_task          main.o
    0x080073e4   0x0000001c   Code   RO            6    i.comm_send_ch      main.o
    0x08007400   0x0000001e   Code   RO            7    i.crc_accumulate    main.o
    0x0800741e   0x00000002   PAD
    0x08007420   0x00000038   Code   RO         1811    i.delay_init        delay.o
    0x08007458   0x00000038   Code   RO         1812    i.delay_ms          delay.o
    0x08007490   0x00000034   Code   RO         1813    i.delay_us          delay.o
    0x080074c4   0x0000003a   Code   RO         1326    i.dmp_enable_6x_lp_quat  inv_mpu_dmp_motion_driver.o
    0x080074fe   0x00000002   PAD
    0x08007500   0x000001dc   Code   RO         1327    i.dmp_enable_feature  inv_mpu_dmp_motion_driver.o
    0x080076dc   0x00000038   Code   RO         1328    i.dmp_enable_gyro_cal  inv_mpu_dmp_motion_driver.o
    0x08007714   0x0000003a   Code   RO         1329    i.dmp_enable_lp_quat  inv_mpu_dmp_motion_driver.o
    0x0800774e   0x00000002   PAD
    0x08007750   0x00000014   Code   RO         1334    i.dmp_load_motion_driver_firmware  inv_mpu_dmp_motion_driver.o
    0x08007764   0x000000d8   Code   RO         1338    i.dmp_set_accel_bias  inv_mpu_dmp_motion_driver.o
    0x0800783c   0x00000064   Code   RO         1339    i.dmp_set_fifo_rate  inv_mpu_dmp_motion_driver.o
    0x080078a0   0x000000cc   Code   RO         1340    i.dmp_set_gyro_bias  inv_mpu_dmp_motion_driver.o
    0x0800796c   0x0000010c   Code   RO         1342    i.dmp_set_orientation  inv_mpu_dmp_motion_driver.o
    0x08007a78   0x00000030   Code   RO         1345    i.dmp_set_shake_reject_thresh  inv_mpu_dmp_motion_driver.o
    0x08007aa8   0x00000020   Code   RO         1346    i.dmp_set_shake_reject_time  inv_mpu_dmp_motion_driver.o
    0x08007ac8   0x00000020   Code   RO         1347    i.dmp_set_shake_reject_timeout  inv_mpu_dmp_motion_driver.o
    0x08007ae8   0x00000040   Code   RO         1348    i.dmp_set_tap_axes  inv_mpu_dmp_motion_driver.o
    0x08007b28   0x00000022   Code   RO         1349    i.dmp_set_tap_count  inv_mpu_dmp_motion_driver.o
    0x08007b4a   0x00000002   PAD
    0x08007b4c   0x00000160   Code   RO         1350    i.dmp_set_tap_thresh  inv_mpu_dmp_motion_driver.o
    0x08007cac   0x00000020   Code   RO         1351    i.dmp_set_tap_time  inv_mpu_dmp_motion_driver.o
    0x08007ccc   0x00000020   Code   RO         1352    i.dmp_set_tap_time_multi  inv_mpu_dmp_motion_driver.o
    0x08007cec   0x00000018   Code   RO         4261    i.fabs              m_wm.l(fabs.o)
    0x08007d04   0x00000014   Code   RO         1886    i.fputc             usart.o
    0x08007d18   0x000000b4   Code   RO          992    i.get_accel_prod_shift  inv_mpu.o
    0x08007dcc   0x00000314   Code   RO          993    i.get_st_biases     inv_mpu.o
    0x080080e0   0x000000d4   Code   RO          994    i.gyro_self_test    inv_mpu.o
    0x080081b4   0x00000022   Code   RO          995    i.inv_orientation_matrix_to_scalar  inv_mpu.o
    0x080081d6   0x00000048   Code   RO          996    i.inv_row_2_scale   inv_mpu.o
    0x0800821e   0x00000002   PAD
    0x08008220   0x0000001c   Code   RO            8    i.led0_task         main.o
    0x0800823c   0x00000074   Code   RO            9    i.main              main.o
    0x080082b0   0x00000058   Code   RO           10    i.mavlink_task      main.o
    0x08008308   0x00000058   Code   RO          998    i.mpu_configure_fifo  inv_mpu.o
    0x08008360   0x000000a4   Code   RO         1000    i.mpu_dmp_init      inv_mpu.o
    0x08008404   0x0000003c   Code   RO         1001    i.mpu_get_accel_fsr  inv_mpu.o
    0x08008440   0x00000044   Code   RO         1003    i.mpu_get_accel_sens  inv_mpu.o
    0x08008484   0x00000034   Code   RO         1009    i.mpu_get_gyro_fsr  inv_mpu.o
    0x080084b8   0x0000004c   Code   RO         1011    i.mpu_get_gyro_sens  inv_mpu.o
    0x08008504   0x00000038   Code   RO         1013    i.mpu_get_lpf       inv_mpu.o
    0x0800853c   0x0000001c   Code   RO         1015    i.mpu_get_sample_rate  inv_mpu.o
    0x08008558   0x00000188   Code   RO         1017    i.mpu_init          inv_mpu.o
    0x080086e0   0x000000a4   Code   RO         1018    i.mpu_load_firmware  inv_mpu.o
    0x08008784   0x000000b8   Code   RO         1019    i.mpu_lp_accel_mode  inv_mpu.o
    0x0800883c   0x00000054   Code   RO         1023    i.mpu_read_mem      inv_mpu.o
    0x08008890   0x0000015c   Code   RO         1026    i.mpu_reset_fifo    inv_mpu.o
    0x080089ec   0x000000f0   Code   RO         1027    i.mpu_run_self_test  inv_mpu.o
    0x08008adc   0x00000068   Code   RO         1029    i.mpu_set_accel_fsr  inv_mpu.o
    0x08008b44   0x000000dc   Code   RO         1030    i.mpu_set_bypass    inv_mpu.o
    0x08008c20   0x00000078   Code   RO         1032    i.mpu_set_dmp_state  inv_mpu.o
    0x08008c98   0x0000006c   Code   RO         1033    i.mpu_set_gyro_fsr  inv_mpu.o
    0x08008d04   0x00000064   Code   RO         1034    i.mpu_set_int_latched  inv_mpu.o
    0x08008d68   0x0000006c   Code   RO         1036    i.mpu_set_lpf       inv_mpu.o
    0x08008dd4   0x00000078   Code   RO         1037    i.mpu_set_sample_rate  inv_mpu.o
    0x08008e4c   0x000000b8   Code   RO         1038    i.mpu_set_sensors   inv_mpu.o
    0x08008f04   0x00000080   Code   RO           11    i.mpu_task          main.o
    0x08008f84   0x00000054   Code   RO         1039    i.mpu_write_mem     inv_mpu.o
    0x08008fd8   0x00000070   Code   RO         3361    i.prvAddCurrentTaskToDelayedList  tasks.o
    0x08009048   0x000000d0   Code   RO         3362    i.prvAddNewTaskToReadyList  tasks.o
    0x08009118   0x00000050   Code   RO         3714    i.prvCheckForValidListAndQueue  timers.o
    0x08009168   0x00000054   Code   RO         3363    i.prvCheckTasksWaitingTermination  tasks.o
    0x080091bc   0x00000026   Code   RO         3135    i.prvCopyDataFromQueue  queue.o
    0x080091e2   0x0000006c   Code   RO         3136    i.prvCopyDataToQueue  queue.o
    0x0800924e   0x00000014   Code   RO         3364    i.prvDeleteTCB      tasks.o
    0x08009262   0x00000002   PAD
    0x08009264   0x0000004c   Code   RO         3927    i.prvHeapInit       heap_4.o
    0x080092b0   0x00000028   Code   RO         3365    i.prvIdleTask       tasks.o
    0x080092d8   0x000000c0   Code   RO         3366    i.prvInitialiseNewTask  tasks.o
    0x08009398   0x0000004c   Code   RO         3928    i.prvInsertBlockIntoFreeList  heap_4.o
    0x080093e4   0x00000038   Code   RO         3715    i.prvInsertTimerInActiveList  timers.o
    0x0800941c   0x0000001a   Code   RO         3137    i.prvIsQueueEmpty   queue.o
    0x08009436   0x00000002   PAD
    0x08009438   0x00000090   Code   RO         3138    i.prvNotifyQueueSetContainer  queue.o
    0x080094c8   0x00000060   Code   RO         3716    i.prvProcessExpiredTimer  timers.o
    0x08009528   0x000000f0   Code   RO         3717    i.prvProcessReceivedCommands  timers.o
    0x08009618   0x0000006c   Code   RO         3718    i.prvProcessTimerOrBlockTask  timers.o
    0x08009684   0x00000020   Code   RO         3368    i.prvResetNextTaskUnblockTime  tasks.o
    0x080096a4   0x00000028   Code   RO         3719    i.prvSampleTimeNow  timers.o
    0x080096cc   0x0000006c   Code   RO         3720    i.prvSwitchTimerLists  timers.o
    0x08009738   0x00000064   Code   RO         3843    i.prvTaskExitError  port.o
    0x0800979c   0x00000028   Code   RO         3721    i.prvTimerTask      timers.o
    0x080097c4   0x00000078   Code   RO         3139    i.prvUnlockQueue    queue.o
    0x0800983c   0x00000114   Code   RO         3929    i.pvPortMalloc      heap_4.o
    0x08009950   0x00000018   Code   RO         3370    i.pvTaskIncrementMutexHeldCount  tasks.o
    0x08009968   0x0000002c   Code   RO         3844    i.pxPortInitialiseStack  port.o
    0x08009994   0x00000088   Code   RO         1040    i.run_self_test     inv_mpu.o
    0x08009a1c   0x00000054   Code   RO         1041    i.set_int_enable    inv_mpu.o
    0x08009a70   0x0000006e   Code   RO         4182    i.sqrt              m_wm.l(sqrt.o)
    0x08009ade   0x00000002   PAD
    0x08009ae0   0x000000b4   Code   RO           12    i.start_task        main.o
    0x08009b94   0x000000ac   Code   RO         1887    i.uart_init         usart.o
    0x08009c40   0x00000024   Code   RO         3090    i.uxListRemove      list.o
    0x08009c64   0x00000016   Code   RO         3091    i.vListInitialise   list.o
    0x08009c7a   0x00000006   Code   RO         3092    i.vListInitialiseItem  list.o
    0x08009c80   0x00000030   Code   RO         3093    i.vListInsert       list.o
    0x08009cb0   0x00000018   Code   RO         3094    i.vListInsertEnd    list.o
    0x08009cc8   0x00000078   Code   RO         3846    i.vPortEnterCritical  port.o
    0x08009d40   0x00000064   Code   RO         3847    i.vPortExitCritical  port.o
    0x08009da4   0x0000009c   Code   RO         3930    i.vPortFree         heap_4.o
    0x08009e40   0x00000020   Code   RO         3848    i.vPortSetupTimerInterrupt  port.o
    0x08009e60   0x0000008c   Code   RO         3849    i.vPortValidateInterruptPriority  port.o
    0x08009eec   0x00000024   Code   RO         3145    i.vQueueAddToRegistry  queue.o
    0x08009f10   0x00000044   Code   RO         3149    i.vQueueWaitForMessageRestricted  queue.o
    0x08009f54   0x0000006c   Code   RO         3378    i.vTaskDelay        tasks.o
    0x08009fc0   0x000000cc   Code   RO         3380    i.vTaskDelete       tasks.o
    0x0800a08c   0x0000000c   Code   RO         3384    i.vTaskMissedYield  tasks.o
    0x0800a098   0x00000054   Code   RO         3386    i.vTaskPlaceOnEventList  tasks.o
    0x0800a0ec   0x0000005c   Code   RO         3387    i.vTaskPlaceOnEventListRestricted  tasks.o
    0x0800a148   0x00000084   Code   RO         3389    i.vTaskPriorityInherit  tasks.o
    0x0800a1cc   0x00000048   Code   RO         3393    i.vTaskSetTimeOutState  tasks.o
    0x0800a214   0x00000098   Code   RO         3394    i.vTaskStartScheduler  tasks.o
    0x0800a2ac   0x00000010   Code   RO         3396    i.vTaskSuspendAll   tasks.o
    0x0800a2bc   0x0000007c   Code   RO         3397    i.vTaskSwitchContext  tasks.o
    0x0800a338   0x00000114   Code   RO         3850    i.xPortStartScheduler  port.o
    0x0800a44c   0x0000002c   Code   RO         3851    i.xPortSysTickHandler  port.o
    0x0800a478   0x00000078   Code   RO         3154    i.xQueueGenericCreate  queue.o
    0x0800a4f0   0x00000184   Code   RO         3155    i.xQueueGenericReceive  queue.o
    0x0800a674   0x000000a8   Code   RO         3156    i.xQueueGenericReset  queue.o
    0x0800a71c   0x00000188   Code   RO         3157    i.xQueueGenericSend  queue.o
    0x0800a8a4   0x000000e0   Code   RO         3158    i.xQueueGenericSendFromISR  queue.o
    0x0800a984   0x00000088   Code   RO         3398    i.xTaskCheckForTimeOut  tasks.o
    0x0800aa0c   0x00000056   Code   RO         3399    i.xTaskCreate       tasks.o
    0x0800aa62   0x00000002   PAD
    0x0800aa64   0x0000001c   Code   RO         3403    i.xTaskGetSchedulerState  tasks.o
    0x0800aa80   0x0000000c   Code   RO         3404    i.xTaskGetTickCount  tasks.o
    0x0800aa8c   0x000000e8   Code   RO         3406    i.xTaskIncrementTick  tasks.o
    0x0800ab74   0x000000b4   Code   RO         3409    i.xTaskPriorityDisinherit  tasks.o
    0x0800ac28   0x00000098   Code   RO         3410    i.xTaskRemoveFromEventList  tasks.o
    0x0800acc0   0x000000e4   Code   RO         3412    i.xTaskResumeAll    tasks.o
    0x0800ada4   0x00000074   Code   RO         3724    i.xTimerCreate      timers.o
    0x0800ae18   0x00000074   Code   RO         3725    i.xTimerCreateTimerTask  timers.o
    0x0800ae8c   0x00000090   Code   RO         3726    i.xTimerGenericCommand  timers.o
    0x0800af1c   0x0000002c   Code   RO         4342    locale$$code        c_w.l(lc_numeric_c.o)
    0x0800af48   0x00000018   Code   RO         4228    x$fpl$basic         fz_wm.l(basic.o)
    0x0800af60   0x00000062   Code   RO         4114    x$fpl$d2f           fz_wm.l(d2f.o)
    0x0800afc2   0x00000002   PAD
    0x0800afc4   0x00000150   Code   RO         4116    x$fpl$dadd          fz_wm.l(daddsub_clz.o)
    0x0800b114   0x000002b0   Code   RO         4123    x$fpl$ddiv          fz_wm.l(ddiv.o)
    0x0800b3c4   0x0000005a   Code   RO         4126    x$fpl$dfixu         fz_wm.l(dfixu.o)
    0x0800b41e   0x0000002e   Code   RO         4131    x$fpl$dflt          fz_wm.l(dflt_clz.o)
    0x0800b44c   0x00000026   Code   RO         4130    x$fpl$dfltu         fz_wm.l(dflt_clz.o)
    0x0800b472   0x00000002   PAD
    0x0800b474   0x00000154   Code   RO         4136    x$fpl$dmul          fz_wm.l(dmul.o)
    0x0800b5c8   0x0000009c   Code   RO         4232    x$fpl$dnaninf       fz_wm.l(dnaninf.o)
    0x0800b664   0x0000000c   Code   RO         4234    x$fpl$dretinf       fz_wm.l(dretinf.o)
    0x0800b670   0x00000016   Code   RO         4117    x$fpl$drsb          fz_wm.l(daddsub_clz.o)
    0x0800b686   0x00000002   PAD
    0x0800b688   0x00000198   Code   RO         4236    x$fpl$dsqrt         fz_wm.l(dsqrt_umaal.o)
    0x0800b820   0x000001d4   Code   RO         4118    x$fpl$dsub          fz_wm.l(daddsub_clz.o)
    0x0800b9f4   0x00000056   Code   RO         4138    x$fpl$f2d           fz_wm.l(f2d.o)
    0x0800ba4a   0x0000008c   Code   RO         4238    x$fpl$fnaninf       fz_wm.l(fnaninf.o)
    0x0800bad6   0x0000000a   Code   RO         4418    x$fpl$fpinit        fz_wm.l(fpinit.o)
    0x0800bae0   0x0000000a   Code   RO         4240    x$fpl$fretinf       fz_wm.l(fretinf.o)
    0x0800baea   0x00000004   Code   RO         4140    x$fpl$printf1       fz_wm.l(printf1.o)
    0x0800baee   0x00000000   Code   RO         4242    x$fpl$usenofp       fz_wm.l(usenofp.o)
    0x0800baee   0x00000002   PAD
    0x0800baf0   0x0000000c   Data   RO           14    .constdata          main.o
    0x0800bafc   0x0000001b   Data   RO         1043    .constdata          inv_mpu.o
    0x0800bb17   0x00000001   PAD
    0x0800bb18   0x0000000c   Data   RO         1044    .constdata          inv_mpu.o
    0x0800bb24   0x00000028   Data   RO         1045    .constdata          inv_mpu.o
    0x0800bb4c   0x00000bf6   Data   RO         1354    .constdata          inv_mpu_dmp_motion_driver.o
    0x0800c742   0x00000028   Data   RO         4056    .constdata          c_w.l(_printf_hex_int.o)
    0x0800c76a   0x00000011   Data   RO         4086    .constdata          c_w.l(__printf_flags_wp.o)
    0x0800c77b   0x00000005   PAD
    0x0800c780   0x00000050   Data   RO         4145    .constdata          m_wm.l(asin.o)
    0x0800c7d0   0x00000098   Data   RO         4246    .constdata          m_wm.l(atan.o)
    0x0800c868   0x00000008   Data   RO         4273    .constdata          m_wm.l(qnan.o)
    0x0800c870   0x00000094   Data   RO         4313    .constdata          c_w.l(bigflt0.o)
    0x0800c904   0x0000004d   Data   RO         1046    .conststring        inv_mpu.o
    0x0800c951   0x00000003   PAD
    0x0800c954   0x00000020   Data   RO         4488    Region$$Table       anon$$obj.o
    0x0800c974   0x0000001c   Data   RO         4341    locale$$data        c_w.l(lc_numeric_c.o)


    Execution Region RW_IRAM1 (Base: 0x20000000, Size: 0x00005bf8, Max: 0x00020000, ABSOLUTE, COMPRESSED[0x00000038])

    Base Addr    Size         Type   Attr      Idx    E Section Name        Object

    0x20000000   0x00000038   Data   RW           15    .data               main.o
    0x20000038   0x00000014   Data   RW          791    .data               system_stm32f4xx.o
    0x2000004c   0x00000024   Data   RW          826    .data               dcm.o
    0x20000070   0x00000035   Data   RW         1047    .data               inv_mpu.o
    0x200000a5   0x00000001   PAD
    0x200000a6   0x00000004   Data   RW         1815    .data               delay.o
    0x200000aa   0x00000002   Data   RW         1889    .data               usart.o
    0x200000ac   0x00000004   Data   RW         1890    .data               usart.o
    0x200000b0   0x00000010   Data   RW         2139    .data               stm32f4xx_rcc.o
    0x200000c0   0x0000003c   Data   RW         3415    .data               tasks.o
    0x200000fc   0x00000014   Data   RW         3734    .data               timers.o
    0x20000110   0x0000000c   Data   RW         3852    .data               port.o
    0x2000011c   0x00000018   Data   RW         3935    .data               heap_4.o
    0x20000134   0x00000030   Zero   RW           13    .bss                main.o
    0x20000164   0x00000010   Zero   RW         1353    .bss                inv_mpu_dmp_motion_driver.o
    0x20000174   0x0000000e   Zero   RW         1570    .bss                lcd.o
    0x20000182   0x000000c8   Zero   RW         1888    .bss                usart.o
    0x2000024a   0x00000002   PAD
    0x2000024c   0x00000040   Zero   RW         3169    .bss                queue.o
    0x2000028c   0x000002e4   Zero   RW         3414    .bss                tasks.o
    0x20000570   0x00000028   Zero   RW         3733    .bss                timers.o
    0x20000598   0x00005000   Zero   RW         3934    .bss                heap_4.o
    0x20005598   0x00000060   Zero   RW         4351    .bss                c_w.l(libspace.o)
    0x200055f8   0x00000200   Zero   RW         1936    HEAP                startup_stm32f40_41xxx.o
    0x200057f8   0x00000400   Zero   RW         1935    STACK               startup_stm32f40_41xxx.o


==============================================================================

Image component sizes


      Code (inc. data)   RO Data    RW Data    ZI Data      Debug   Object Name

       300         14          0          0          0       1729   can.o
       800         34          0         36          0       1640   dcm.o
       184         14          0          4          0       2525   delay.o
         0          0          0          0          0      10376   event_groups.o
       584        138          0         24      20480       3915   heap_4.o
      4802        286        156         53          0      28692   inv_mpu.o
      2082        128       3062          0         16      19042   inv_mpu_dmp_motion_driver.o
     15562        104          0          0         14      20296   lcd.o
        64          6          0          0          0        563   led.o
       136          0          0          0          0       3122   list.o
       968        144         12         56         48     306839   main.o
       144         14          0          0          0       2053   misc.o
       730         22          0          0          0       8015   mpu6050.o
       612         72          0          0          0       4686   myiic.o
      1038        382          0         12          0      10997   port.o
      1832        236          0          0         64      11769   queue.o
        64         26        392          0       1536        852   startup_stm32f40_41xxx.o
       600         10          0          0          0       3339   stm32f4xx_can.o
       232          6          0          0          0       1865   stm32f4xx_fsmc.o
       156          0          0          0          0       2194   stm32f4xx_gpio.o
        12          0          0          0          0       2821   stm32f4xx_it.o
       240         36          0         16          0       5200   stm32f4xx_rcc.o
       332          8          0          0          0       5133   stm32f4xx_usart.o
       272         36          0         20          0       1849   system_stm32f4xx.o
      2762        672          0         60        740      29007   tasks.o
      1144        260          0         20         40       9242   timers.o
       294         26          0          6        200       4304   usart.o

    ----------------------------------------------------------------------
     35972       2674       3658        308      23140     502065   Object Totals
         0          0         32          0          0          0   (incl. Generated)
        26          0          4          1          2          0   (incl. Padding)

    ----------------------------------------------------------------------

      Code (inc. data)   RO Data    RW Data    ZI Data      Debug   Library Member Name

        90          0          0          0          0          0   __dczerorl2.o
         8          0          0          0          0         68   __main.o
       312          4         17          0          0         92   __printf_flags_wp.o
        14          0          0          0          0         68   __printf_wp.o
        52          8          0          0          0          0   __scatter.o
        28          0          0          0          0          0   __scatter_zi.o
        44          0          0          0          0        108   _printf_char.o
        48          6          0          0          0         96   _printf_char_common.o
        36          4          0          0          0         80   _printf_char_file.o
         6          0          0          0          0          0   _printf_d.o
       116         16          0          0          0         92   _printf_dec.o
         6          0          0          0          0          0   _printf_f.o
      1046          0          0          0          0        216   _printf_fp_dec.o
       128         16          0          0          0         84   _printf_fp_infnan.o
        88          4         40          0          0         88   _printf_hex_int.o
       178          0          0          0          0         88   _printf_intcommon.o
         0          0          0          0          0          0   _printf_percent.o
         4          0          0          0          0          0   _printf_percent_end.o
         6          0          0          0          0          0   _printf_s.o
        82          0          0          0          0         80   _printf_str.o
         6          0          0          0          0          0   _printf_x.o
        22          0          0          0          0        100   _rserrno.o
        16          0          0          0          0         68   aeabi_memset.o
       216          4        148          0          0         96   bigflt0.o
      1910        128          0          0          0        672   btod.o
        12          0          0          0          0         72   exit.o
         8          0          0          0          0         68   ferror.o
         6          0          0          0          0        152   heapauxi.o
        44         10         28          0          0         76   lc_numeric_c.o
         2          0          0          0          0          0   libinit.o
        22          0          0          0          0          0   libinit2.o
         2          0          0          0          0          0   libshutdown.o
         2          0          0          0          0          0   libshutdown2.o
         8          4          0          0         96         68   libspace.o
        72          0          0          0          0         76   llsdiv.o
       138          0          0          0          0         80   lludiv10.o
       238          0          0          0          0        100   lludivv7m.o
        88          0          0          0          0         76   memcmp.o
        24          4          0          0          0         84   noretval__2printf.o
         8          4          0          0          0         68   rt_errno_addr_intlibspace.o
         8          4          0          0          0         68   rt_locale_intlibspace.o
        68          0          0          0          0         68   rt_memclr.o
        78          0          0          0          0         80   rt_memclr_w.o
       138          0          0          0          0         68   rt_memcpy_v6.o
       100          0          0          0          0         80   rt_memcpy_w.o
         0          0          0          0          0          0   rtentry.o
        12          0          0          0          0          0   rtentry2.o
         6          0          0          0          0          0   rtentry4.o
         2          0          0          0          0          0   rtexit.o
        10          0          0          0          0          0   rtexit2.o
       128          0          0          0          0         68   strcmpv7m.o
        74          0          0          0          0         80   sys_stackheap_outer.o
         2          0          0          0          0         68   use_no_semi.o
         2          0          0          0          0         68   use_no_semi_2.o
        24          0          0          0          0        164   basic.o
        98          4          0          0          0        140   d2f.o
       826         16          0          0          0        492   daddsub_clz.o
       688        140          0          0          0        256   ddiv.o
        90          4          0          0          0        140   dfixu.o
        84          0          0          0          0        232   dflt_clz.o
       340         12          0          0          0        152   dmul.o
       156          4          0          0          0        140   dnaninf.o
        12          0          0          0          0        116   dretinf.o
       408         56          0          0          0        168   dsqrt_umaal.o
        86          4          0          0          0        132   f2d.o
       140          4          0          0          0        132   fnaninf.o
        10          0          0          0          0        116   fpinit.o
        10          0          0          0          0        116   fretinf.o
         4          0          0          0          0        116   printf1.o
         0          0          0          0          0          0   usenofp.o
       880        110         80          0          0        200   asin.o
       752        104        152          0          0        344   atan.o
       496         70          0          0          0        156   atan2.o
        32          8          0          0          0        124   dunder.o
        24          0          0          0          0        124   fabs.o
        48          0          0          0          0        124   fpclassify.o
       248          0          0          0          0        152   poly.o
         0          0          8          0          0          0   qnan.o
       232          0          0          0          0        296   sqrt.o

    ----------------------------------------------------------------------
     11492        752        478          0         96       7796   Library Totals
        40          0          5          0          0          0   (incl. Padding)

    ----------------------------------------------------------------------

      Code (inc. data)   RO Data    RW Data    ZI Data      Debug   Library Name

      5764        216        233          0         96       3664   c_w.l
      2976        244          0          0          0       2612   fz_wm.l
      2712        292        240          0          0       1520   m_wm.l

    ----------------------------------------------------------------------
     11492        752        478          0         96       7796   Library Totals

    ----------------------------------------------------------------------

==============================================================================


      Code (inc. data)   RO Data    RW Data    ZI Data      Debug   

     47464       3426       4136        308      23236     486081   Grand Totals
     47464       3426       4136         56      23236     486081   ELF Image Totals (compressed)
     47464       3426       4136         56          0          0   ROM Totals

==============================================================================

    Total RO  Size (Code + RO Data)                51600 (  50.39kB)
    Total RW  Size (RW Data + ZI Data)             23544 (  22.99kB)
    Total ROM Size (Code + RO Data + RW Data)      51656 (  50.45kB)

==============================================================================

