<html>
<body>
<pre>
<h1>礦ision Build Log</h1>
<h2>Project:</h2>
F:\uavcan_stm32\freertos\FreeRTOS实验2-1 FreeRTOS移植实验\USER\FreeRTOS.uvprojx
Project File Date:  12/08/2016

<h2>Output:</h2>
Rebuild target 'FreeRTOS'
compiling main.c...
compiling stm32f4xx_it.c...
compiling system_stm32f4xx.c...
compiling dcm.c...
compiling uart.c...
compiling led.c...
compiling mpu6050.c...
compiling inv_mpu.c...
compiling inv_mpu_dmp_motion_driver.c...
compiling can.c...
compiling lcd.c...
compiling myiic.c...
compiling delay.c...
compiling sys.c...
compiling usart.c...
assembling startup_stm32f40_41xxx.s...
compiling misc.c...
compiling stm32f4xx_gpio.c...
compiling stm32f4xx_rcc.c...
compiling stm32f4xx_syscfg.c...
compiling stm32f4xx_usart.c...
compiling stm32f4xx_can.c...
compiling stm32f4xx_fsmc.c...
compiling croutine.c...
compiling event_groups.c...
compiling list.c...
compiling queue.c...
compiling tasks.c...
compiling timers.c...
compiling port.c...
compiling heap_4.c...
linking...
Program Size: Code=43732 RO-data=3956 RW-data=304 ZI-data=23240  
FromELF: creating hex file...
"..\OBJ\LED.axf" - 0 Error(s), 0 Warning(s).
